python : Creating test database for alias 'default'...
At line:1 char:14
+ echo "yes" | python manage.py test accounts.tests 2>&1 | Out-File -En ...
+              ~~~~~~~~~~~~~~~~~~~~~~~~~~~~~~~~~~~~~~~~~
    + CategoryInfo          : NotSpecified: (Creating test d...as 'default'...:String) [], RemoteException
    + FullyQualifiedErrorId : NativeCommandError
 

EEEEEEEEEEEEEEEEEEEFFEEEEEEEEEEEEEEEEEEE.EE...FFF.
======================================================================
ERROR: test_add_certification_success 
(accounts.tests.test_certification_service.CertificationServiceTestCase.test_add_certification_success)
Test adding a certification successfully
----------------------------------------------------------------------
Traceback (most recent call last):
  File "C:\code\iayos\apps\backend\venv\Lib\site-packages\django\db\backends\utils.py", line 105, in _execute
    return self.cursor.execute(sql, params)
           ~~~~~~~~~~~~~~~~~~~^^^^^^^^^^^^^
psycopg2.errors.NotNullViolation: null value in column "birthDate" of relation "accounts_profile" violates not-null 
constraint
DETAIL:  Failing row contains (1, null, Test, Worker, , null, WORKER, 1, null, null, f, null, null).


The above exception was the direct cause of the following exception:

Traceback (most recent call last):
  File "C:\code\iayos\apps\backend\src\accounts\tests\test_certification_service.py", line 31, in setUp
    self.profile = Profile.objects.create(
                   ~~~~~~~~~~~~~~~~~~~~~~^
        accountFK=self.user,
        ^^^^^^^^^^^^^^^^^^^^
    ...<2 lines>...
        profileType="WORKER"
        ^^^^^^^^^^^^^^^^^^^^
    )
    ^
  File "C:\code\iayos\apps\backend\venv\Lib\site-packages\django\db\models\manager.py", line 87, in manager_method
    return getattr(self.get_queryset(), name)(*args, **kwargs)
           ~~~~~~~~~~~~~~~~~~~~~~~~~~~~~~~~~~^^^^^^^^^^^^^^^^^
  File "C:\code\iayos\apps\backend\venv\Lib\site-packages\django\db\models\query.py", line 665, in create
    obj.save(force_insert=True, using=self.db)
    ~~~~~~~~^^^^^^^^^^^^^^^^^^^^^^^^^^^^^^^^^^
  File "C:\code\iayos\apps\backend\venv\Lib\site-packages\django\db\models\base.py", line 902, in save
    self.save_base(
    ~~~~~~~~~~~~~~^
        using=using,
        ^^^^^^^^^^^^
    ...<2 lines>...
        update_fields=update_fields,
        ^^^^^^^^^^^^^^^^^^^^^^^^^^^^
    )
    ^
  File "C:\code\iayos\apps\backend\venv\Lib\site-packages\django\db\models\base.py", line 1008, in save_base
    updated = self._save_table(
        raw,
    ...<4 lines>...
        update_fields,
    )
  File "C:\code\iayos\apps\backend\venv\Lib\site-packages\django\db\models\base.py", line 1169, in _save_table
    results = self._do_insert(
        cls._base_manager, using, fields, returning_fields, raw
    )
  File "C:\code\iayos\apps\backend\venv\Lib\site-packages\django\db\models\base.py", line 1210, in _do_insert
    return manager._insert(
           ~~~~~~~~~~~~~~~^
        [self],
        ^^^^^^^
    ...<3 lines>...
        raw=raw,
        ^^^^^^^^
    )
    ^
  File "C:\code\iayos\apps\backend\venv\Lib\site-packages\django\db\models\manager.py", line 87, in manager_method
    return getattr(self.get_queryset(), name)(*args, **kwargs)
           ~~~~~~~~~~~~~~~~~~~~~~~~~~~~~~~~~~^^^^^^^^^^^^^^^^^
  File "C:\code\iayos\apps\backend\venv\Lib\site-packages\django\db\models\query.py", line 1873, in _insert
    return query.get_compiler(using=using).execute_sql(returning_fields)
           ~~~~~~~~~~~~~~~~~~~~~~~~~~~~~~~~~~~~~~~~~~~^^^^^^^^^^^^^^^^^^
  File "C:\code\iayos\apps\backend\venv\Lib\site-packages\django\db\models\sql\compiler.py", line 1882, in execute_sql
    cursor.execute(sql, params)
    ~~~~~~~~~~~~~~^^^^^^^^^^^^^
  File "C:\code\iayos\apps\backend\venv\Lib\site-packages\django\db\backends\utils.py", line 79, in execute
    return self._execute_with_wrappers(
           ~~~~~~~~~~~~~~~~~~~~~~~~~~~^
        sql, params, many=False, executor=self._execute
        ^^^^^^^^^^^^^^^^^^^^^^^^^^^^^^^^^^^^^^^^^^^^^^^
    )
    ^
  File "C:\code\iayos\apps\backend\venv\Lib\site-packages\django\db\backends\utils.py", line 92, in 
_execute_with_wrappers
    return executor(sql, params, many, context)
  File "C:\code\iayos\apps\backend\venv\Lib\site-packages\django\db\backends\utils.py", line 100, in _execute
    with self.db.wrap_database_errors:
         ^^^^^^^^^^^^^^^^^^^^^^^^^^^^
  File "C:\code\iayos\apps\backend\venv\Lib\site-packages\django\db\utils.py", line 91, in __exit__
    raise dj_exc_value.with_traceback(traceback) from exc_value
  File "C:\code\iayos\apps\backend\venv\Lib\site-packages\django\db\backends\utils.py", line 105, in _execute
    return self.cursor.execute(sql, params)
           ~~~~~~~~~~~~~~~~~~~^^^^^^^^^^^^^
django.db.utils.IntegrityError: null value in column "birthDate" of relation "accounts_profile" violates not-null 
constraint
DETAIL:  Failing row contains (1, null, Test, Worker, , null, WORKER, 1, null, null, f, null, null).


======================================================================
ERROR: test_add_certification_with_expiry 
(accounts.tests.test_certification_service.CertificationServiceTestCase.test_add_certification_with_expiry)
Test adding certification with expiry date
----------------------------------------------------------------------
Traceback (most recent call last):
  File "C:\code\iayos\apps\backend\venv\Lib\site-packages\django\db\backends\utils.py", line 105, in _execute
    return self.cursor.execute(sql, params)
           ~~~~~~~~~~~~~~~~~~~^^^^^^^^^^^^^
psycopg2.errors.NotNullViolation: null value in column "birthDate" of relation "accounts_profile" violates not-null 
constraint
DETAIL:  Failing row contains (2, null, Test, Worker, , null, WORKER, 2, null, null, f, null, null).


The above exception was the direct cause of the following exception:

Traceback (most recent call last):
  File "C:\code\iayos\apps\backend\src\accounts\tests\test_certification_service.py", line 31, in setUp
    self.profile = Profile.objects.create(
                   ~~~~~~~~~~~~~~~~~~~~~~^
        accountFK=self.user,
        ^^^^^^^^^^^^^^^^^^^^
    ...<2 lines>...
        profileType="WORKER"
        ^^^^^^^^^^^^^^^^^^^^
    )
    ^
  File "C:\code\iayos\apps\backend\venv\Lib\site-packages\django\db\models\manager.py", line 87, in manager_method
    return getattr(self.get_queryset(), name)(*args, **kwargs)
           ~~~~~~~~~~~~~~~~~~~~~~~~~~~~~~~~~~^^^^^^^^^^^^^^^^^
  File "C:\code\iayos\apps\backend\venv\Lib\site-packages\django\db\models\query.py", line 665, in create
    obj.save(force_insert=True, using=self.db)
    ~~~~~~~~^^^^^^^^^^^^^^^^^^^^^^^^^^^^^^^^^^
  File "C:\code\iayos\apps\backend\venv\Lib\site-packages\django\db\models\base.py", line 902, in save
    self.save_base(
    ~~~~~~~~~~~~~~^
        using=using,
        ^^^^^^^^^^^^
    ...<2 lines>...
        update_fields=update_fields,
        ^^^^^^^^^^^^^^^^^^^^^^^^^^^^
    )
    ^
  File "C:\code\iayos\apps\backend\venv\Lib\site-packages\django\db\models\base.py", line 1008, in save_base
    updated = self._save_table(
        raw,
    ...<4 lines>...
        update_fields,
    )
  File "C:\code\iayos\apps\backend\venv\Lib\site-packages\django\db\models\base.py", line 1169, in _save_table
    results = self._do_insert(
        cls._base_manager, using, fields, returning_fields, raw
    )
  File "C:\code\iayos\apps\backend\venv\Lib\site-packages\django\db\models\base.py", line 1210, in _do_insert
    return manager._insert(
           ~~~~~~~~~~~~~~~^
        [self],
        ^^^^^^^
    ...<3 lines>...
        raw=raw,
        ^^^^^^^^
    )
    ^
  File "C:\code\iayos\apps\backend\venv\Lib\site-packages\django\db\models\manager.py", line 87, in manager_method
    return getattr(self.get_queryset(), name)(*args, **kwargs)
           ~~~~~~~~~~~~~~~~~~~~~~~~~~~~~~~~~~^^^^^^^^^^^^^^^^^
  File "C:\code\iayos\apps\backend\venv\Lib\site-packages\django\db\models\query.py", line 1873, in _insert
    return query.get_compiler(using=using).execute_sql(returning_fields)
           ~~~~~~~~~~~~~~~~~~~~~~~~~~~~~~~~~~~~~~~~~~~^^^^^^^^^^^^^^^^^^
  File "C:\code\iayos\apps\backend\venv\Lib\site-packages\django\db\models\sql\compiler.py", line 1882, in execute_sql
    cursor.execute(sql, params)
    ~~~~~~~~~~~~~~^^^^^^^^^^^^^
  File "C:\code\iayos\apps\backend\venv\Lib\site-packages\django\db\backends\utils.py", line 79, in execute
    return self._execute_with_wrappers(
           ~~~~~~~~~~~~~~~~~~~~~~~~~~~^
        sql, params, many=False, executor=self._execute
        ^^^^^^^^^^^^^^^^^^^^^^^^^^^^^^^^^^^^^^^^^^^^^^^
    )
    ^
  File "C:\code\iayos\apps\backend\venv\Lib\site-packages\django\db\backends\utils.py", line 92, in 
_execute_with_wrappers
    return executor(sql, params, many, context)
  File "C:\code\iayos\apps\backend\venv\Lib\site-packages\django\db\backends\utils.py", line 100, in _execute
    with self.db.wrap_database_errors:
         ^^^^^^^^^^^^^^^^^^^^^^^^^^^^
  File "C:\code\iayos\apps\backend\venv\Lib\site-packages\django\db\utils.py", line 91, in __exit__
    raise dj_exc_value.with_traceback(traceback) from exc_value
  File "C:\code\iayos\apps\backend\venv\Lib\site-packages\django\db\backends\utils.py", line 105, in _execute
    return self.cursor.execute(sql, params)
           ~~~~~~~~~~~~~~~~~~~^^^^^^^^^^^^^
django.db.utils.IntegrityError: null value in column "birthDate" of relation "accounts_profile" violates not-null 
constraint
DETAIL:  Failing row contains (2, null, Test, Worker, , null, WORKER, 2, null, null, f, null, null).


======================================================================
ERROR: test_delete_certification_success 
(accounts.tests.test_certification_service.CertificationServiceTestCase.test_delete_certification_success)
Test deleting certification
----------------------------------------------------------------------
Traceback (most recent call last):
  File "C:\code\iayos\apps\backend\venv\Lib\site-packages\django\db\backends\utils.py", line 105, in _execute
    return self.cursor.execute(sql, params)
           ~~~~~~~~~~~~~~~~~~~^^^^^^^^^^^^^
psycopg2.errors.NotNullViolation: null value in column "birthDate" of relation "accounts_profile" violates not-null 
constraint
DETAIL:  Failing row contains (3, null, Test, Worker, , null, WORKER, 3, null, null, f, null, null).


The above exception was the direct cause of the following exception:

Traceback (most recent call last):
  File "C:\code\iayos\apps\backend\src\accounts\tests\test_certification_service.py", line 31, in setUp
    self.profile = Profile.objects.create(
                   ~~~~~~~~~~~~~~~~~~~~~~^
        accountFK=self.user,
        ^^^^^^^^^^^^^^^^^^^^
    ...<2 lines>...
        profileType="WORKER"
        ^^^^^^^^^^^^^^^^^^^^
    )
    ^
  File "C:\code\iayos\apps\backend\venv\Lib\site-packages\django\db\models\manager.py", line 87, in manager_method
    return getattr(self.get_queryset(), name)(*args, **kwargs)
           ~~~~~~~~~~~~~~~~~~~~~~~~~~~~~~~~~~^^^^^^^^^^^^^^^^^
  File "C:\code\iayos\apps\backend\venv\Lib\site-packages\django\db\models\query.py", line 665, in create
    obj.save(force_insert=True, using=self.db)
    ~~~~~~~~^^^^^^^^^^^^^^^^^^^^^^^^^^^^^^^^^^
  File "C:\code\iayos\apps\backend\venv\Lib\site-packages\django\db\models\base.py", line 902, in save
    self.save_base(
    ~~~~~~~~~~~~~~^
        using=using,
        ^^^^^^^^^^^^
    ...<2 lines>...
        update_fields=update_fields,
        ^^^^^^^^^^^^^^^^^^^^^^^^^^^^
    )
    ^
  File "C:\code\iayos\apps\backend\venv\Lib\site-packages\django\db\models\base.py", line 1008, in save_base
    updated = self._save_table(
        raw,
    ...<4 lines>...
        update_fields,
    )
  File "C:\code\iayos\apps\backend\venv\Lib\site-packages\django\db\models\base.py", line 1169, in _save_table
    results = self._do_insert(
        cls._base_manager, using, fields, returning_fields, raw
    )
  File "C:\code\iayos\apps\backend\venv\Lib\site-packages\django\db\models\base.py", line 1210, in _do_insert
    return manager._insert(
           ~~~~~~~~~~~~~~~^
        [self],
        ^^^^^^^
    ...<3 lines>...
        raw=raw,
        ^^^^^^^^
    )
    ^
  File "C:\code\iayos\apps\backend\venv\Lib\site-packages\django\db\models\manager.py", line 87, in manager_method
    return getattr(self.get_queryset(), name)(*args, **kwargs)
           ~~~~~~~~~~~~~~~~~~~~~~~~~~~~~~~~~~^^^^^^^^^^^^^^^^^
  File "C:\code\iayos\apps\backend\venv\Lib\site-packages\django\db\models\query.py", line 1873, in _insert
    return query.get_compiler(using=using).execute_sql(returning_fields)
           ~~~~~~~~~~~~~~~~~~~~~~~~~~~~~~~~~~~~~~~~~~~^^^^^^^^^^^^^^^^^^
  File "C:\code\iayos\apps\backend\venv\Lib\site-packages\django\db\models\sql\compiler.py", line 1882, in execute_sql
    cursor.execute(sql, params)
    ~~~~~~~~~~~~~~^^^^^^^^^^^^^
  File "C:\code\iayos\apps\backend\venv\Lib\site-packages\django\db\backends\utils.py", line 79, in execute
    return self._execute_with_wrappers(
           ~~~~~~~~~~~~~~~~~~~~~~~~~~~^
        sql, params, many=False, executor=self._execute
        ^^^^^^^^^^^^^^^^^^^^^^^^^^^^^^^^^^^^^^^^^^^^^^^
    )
    ^
  File "C:\code\iayos\apps\backend\venv\Lib\site-packages\django\db\backends\utils.py", line 92, in 
_execute_with_wrappers
    return executor(sql, params, many, context)
  File "C:\code\iayos\apps\backend\venv\Lib\site-packages\django\db\backends\utils.py", line 100, in _execute
    with self.db.wrap_database_errors:
         ^^^^^^^^^^^^^^^^^^^^^^^^^^^^
  File "C:\code\iayos\apps\backend\venv\Lib\site-packages\django\db\utils.py", line 91, in __exit__
    raise dj_exc_value.with_traceback(traceback) from exc_value
  File "C:\code\iayos\apps\backend\venv\Lib\site-packages\django\db\backends\utils.py", line 105, in _execute
    return self.cursor.execute(sql, params)
           ~~~~~~~~~~~~~~~~~~~^^^^^^^^^^^^^
django.db.utils.IntegrityError: null value in column "birthDate" of relation "accounts_profile" violates not-null 
constraint
DETAIL:  Failing row contains (3, null, Test, Worker, , null, WORKER, 3, null, null, f, null, null).


======================================================================
ERROR: test_get_certifications_ordered_by_date 
(accounts.tests.test_certification_service.CertificationServiceTestCase.test_get_certifications_ordered_by_date)
Test that certifications are ordered by issue date
----------------------------------------------------------------------
Traceback (most recent call last):
  File "C:\code\iayos\apps\backend\venv\Lib\site-packages\django\db\backends\utils.py", line 105, in _execute
    return self.cursor.execute(sql, params)
           ~~~~~~~~~~~~~~~~~~~^^^^^^^^^^^^^
psycopg2.errors.NotNullViolation: null value in column "birthDate" of relation "accounts_profile" violates not-null 
constraint
DETAIL:  Failing row contains (4, null, Test, Worker, , null, WORKER, 4, null, null, f, null, null).


The above exception was the direct cause of the following exception:

Traceback (most recent call last):
  File "C:\code\iayos\apps\backend\src\accounts\tests\test_certification_service.py", line 31, in setUp
    self.profile = Profile.objects.create(
                   ~~~~~~~~~~~~~~~~~~~~~~^
        accountFK=self.user,
        ^^^^^^^^^^^^^^^^^^^^
    ...<2 lines>...
        profileType="WORKER"
        ^^^^^^^^^^^^^^^^^^^^
    )
    ^
  File "C:\code\iayos\apps\backend\venv\Lib\site-packages\django\db\models\manager.py", line 87, in manager_method
    return getattr(self.get_queryset(), name)(*args, **kwargs)
           ~~~~~~~~~~~~~~~~~~~~~~~~~~~~~~~~~~^^^^^^^^^^^^^^^^^
  File "C:\code\iayos\apps\backend\venv\Lib\site-packages\django\db\models\query.py", line 665, in create
    obj.save(force_insert=True, using=self.db)
    ~~~~~~~~^^^^^^^^^^^^^^^^^^^^^^^^^^^^^^^^^^
  File "C:\code\iayos\apps\backend\venv\Lib\site-packages\django\db\models\base.py", line 902, in save
    self.save_base(
    ~~~~~~~~~~~~~~^
        using=using,
        ^^^^^^^^^^^^
    ...<2 lines>...
        update_fields=update_fields,
        ^^^^^^^^^^^^^^^^^^^^^^^^^^^^
    )
    ^
  File "C:\code\iayos\apps\backend\venv\Lib\site-packages\django\db\models\base.py", line 1008, in save_base
    updated = self._save_table(
        raw,
    ...<4 lines>...
        update_fields,
    )
  File "C:\code\iayos\apps\backend\venv\Lib\site-packages\django\db\models\base.py", line 1169, in _save_table
    results = self._do_insert(
        cls._base_manager, using, fields, returning_fields, raw
    )
  File "C:\code\iayos\apps\backend\venv\Lib\site-packages\django\db\models\base.py", line 1210, in _do_insert
    return manager._insert(
           ~~~~~~~~~~~~~~~^
        [self],
        ^^^^^^^
    ...<3 lines>...
        raw=raw,
        ^^^^^^^^
    )
    ^
  File "C:\code\iayos\apps\backend\venv\Lib\site-packages\django\db\models\manager.py", line 87, in manager_method
    return getattr(self.get_queryset(), name)(*args, **kwargs)
           ~~~~~~~~~~~~~~~~~~~~~~~~~~~~~~~~~~^^^^^^^^^^^^^^^^^
  File "C:\code\iayos\apps\backend\venv\Lib\site-packages\django\db\models\query.py", line 1873, in _insert
    return query.get_compiler(using=using).execute_sql(returning_fields)
           ~~~~~~~~~~~~~~~~~~~~~~~~~~~~~~~~~~~~~~~~~~~^^^^^^^^^^^^^^^^^^
  File "C:\code\iayos\apps\backend\venv\Lib\site-packages\django\db\models\sql\compiler.py", line 1882, in execute_sql
    cursor.execute(sql, params)
    ~~~~~~~~~~~~~~^^^^^^^^^^^^^
  File "C:\code\iayos\apps\backend\venv\Lib\site-packages\django\db\backends\utils.py", line 79, in execute
    return self._execute_with_wrappers(
           ~~~~~~~~~~~~~~~~~~~~~~~~~~~^
        sql, params, many=False, executor=self._execute
        ^^^^^^^^^^^^^^^^^^^^^^^^^^^^^^^^^^^^^^^^^^^^^^^
    )
    ^
  File "C:\code\iayos\apps\backend\venv\Lib\site-packages\django\db\backends\utils.py", line 92, in 
_execute_with_wrappers
    return executor(sql, params, many, context)
  File "C:\code\iayos\apps\backend\venv\Lib\site-packages\django\db\backends\utils.py", line 100, in _execute
    with self.db.wrap_database_errors:
         ^^^^^^^^^^^^^^^^^^^^^^^^^^^^
  File "C:\code\iayos\apps\backend\venv\Lib\site-packages\django\db\utils.py", line 91, in __exit__
    raise dj_exc_value.with_traceback(traceback) from exc_value
  File "C:\code\iayos\apps\backend\venv\Lib\site-packages\django\db\backends\utils.py", line 105, in _execute
    return self.cursor.execute(sql, params)
           ~~~~~~~~~~~~~~~~~~~^^^^^^^^^^^^^
django.db.utils.IntegrityError: null value in column "birthDate" of relation "accounts_profile" violates not-null 
constraint
DETAIL:  Failing row contains (4, null, Test, Worker, , null, WORKER, 4, null, null, f, null, null).


======================================================================
ERROR: test_get_expiring_certifications_30_days 
(accounts.tests.test_certification_service.CertificationServiceTestCase.test_get_expiring_certifications_30_days)
Test getting certifications expiring within 30 days
----------------------------------------------------------------------
Traceback (most recent call last):
  File "C:\code\iayos\apps\backend\venv\Lib\site-packages\django\db\backends\utils.py", line 105, in _execute
    return self.cursor.execute(sql, params)
           ~~~~~~~~~~~~~~~~~~~^^^^^^^^^^^^^
psycopg2.errors.NotNullViolation: null value in column "birthDate" of relation "accounts_profile" violates not-null 
constraint
DETAIL:  Failing row contains (5, null, Test, Worker, , null, WORKER, 5, null, null, f, null, null).


The above exception was the direct cause of the following exception:

Traceback (most recent call last):
  File "C:\code\iayos\apps\backend\src\accounts\tests\test_certification_service.py", line 31, in setUp
    self.profile = Profile.objects.create(
                   ~~~~~~~~~~~~~~~~~~~~~~^
        accountFK=self.user,
        ^^^^^^^^^^^^^^^^^^^^
    ...<2 lines>...
        profileType="WORKER"
        ^^^^^^^^^^^^^^^^^^^^
    )
    ^
  File "C:\code\iayos\apps\backend\venv\Lib\site-packages\django\db\models\manager.py", line 87, in manager_method
    return getattr(self.get_queryset(), name)(*args, **kwargs)
           ~~~~~~~~~~~~~~~~~~~~~~~~~~~~~~~~~~^^^^^^^^^^^^^^^^^
  File "C:\code\iayos\apps\backend\venv\Lib\site-packages\django\db\models\query.py", line 665, in create
    obj.save(force_insert=True, using=self.db)
    ~~~~~~~~^^^^^^^^^^^^^^^^^^^^^^^^^^^^^^^^^^
  File "C:\code\iayos\apps\backend\venv\Lib\site-packages\django\db\models\base.py", line 902, in save
    self.save_base(
    ~~~~~~~~~~~~~~^
        using=using,
        ^^^^^^^^^^^^
    ...<2 lines>...
        update_fields=update_fields,
        ^^^^^^^^^^^^^^^^^^^^^^^^^^^^
    )
    ^
  File "C:\code\iayos\apps\backend\venv\Lib\site-packages\django\db\models\base.py", line 1008, in save_base
    updated = self._save_table(
        raw,
    ...<4 lines>...
        update_fields,
    )
  File "C:\code\iayos\apps\backend\venv\Lib\site-packages\django\db\models\base.py", line 1169, in _save_table
    results = self._do_insert(
        cls._base_manager, using, fields, returning_fields, raw
    )
  File "C:\code\iayos\apps\backend\venv\Lib\site-packages\django\db\models\base.py", line 1210, in _do_insert
    return manager._insert(
           ~~~~~~~~~~~~~~~^
        [self],
        ^^^^^^^
    ...<3 lines>...
        raw=raw,
        ^^^^^^^^
    )
    ^
  File "C:\code\iayos\apps\backend\venv\Lib\site-packages\django\db\models\manager.py", line 87, in manager_method
    return getattr(self.get_queryset(), name)(*args, **kwargs)
           ~~~~~~~~~~~~~~~~~~~~~~~~~~~~~~~~~~^^^^^^^^^^^^^^^^^
  File "C:\code\iayos\apps\backend\venv\Lib\site-packages\django\db\models\query.py", line 1873, in _insert
    return query.get_compiler(using=using).execute_sql(returning_fields)
           ~~~~~~~~~~~~~~~~~~~~~~~~~~~~~~~~~~~~~~~~~~~^^^^^^^^^^^^^^^^^^
  File "C:\code\iayos\apps\backend\venv\Lib\site-packages\django\db\models\sql\compiler.py", line 1882, in execute_sql
    cursor.execute(sql, params)
    ~~~~~~~~~~~~~~^^^^^^^^^^^^^
  File "C:\code\iayos\apps\backend\venv\Lib\site-packages\django\db\backends\utils.py", line 79, in execute
    return self._execute_with_wrappers(
           ~~~~~~~~~~~~~~~~~~~~~~~~~~~^
        sql, params, many=False, executor=self._execute
        ^^^^^^^^^^^^^^^^^^^^^^^^^^^^^^^^^^^^^^^^^^^^^^^
    )
    ^
  File "C:\code\iayos\apps\backend\venv\Lib\site-packages\django\db\backends\utils.py", line 92, in 
_execute_with_wrappers
    return executor(sql, params, many, context)
  File "C:\code\iayos\apps\backend\venv\Lib\site-packages\django\db\backends\utils.py", line 100, in _execute
    with self.db.wrap_database_errors:
         ^^^^^^^^^^^^^^^^^^^^^^^^^^^^
  File "C:\code\iayos\apps\backend\venv\Lib\site-packages\django\db\utils.py", line 91, in __exit__
    raise dj_exc_value.with_traceback(traceback) from exc_value
  File "C:\code\iayos\apps\backend\venv\Lib\site-packages\django\db\backends\utils.py", line 105, in _execute
    return self.cursor.execute(sql, params)
           ~~~~~~~~~~~~~~~~~~~^^^^^^^^^^^^^
django.db.utils.IntegrityError: null value in column "birthDate" of relation "accounts_profile" violates not-null 
constraint
DETAIL:  Failing row contains (5, null, Test, Worker, , null, WORKER, 5, null, null, f, null, null).


======================================================================
ERROR: test_update_certification_not_owner 
(accounts.tests.test_certification_service.CertificationServiceTestCase.test_update_certification_not_owner)
Test that user cannot update another user's certification
----------------------------------------------------------------------
Traceback (most recent call last):
  File "C:\code\iayos\apps\backend\venv\Lib\site-packages\django\db\backends\utils.py", line 105, in _execute
    return self.cursor.execute(sql, params)
           ~~~~~~~~~~~~~~~~~~~^^^^^^^^^^^^^
psycopg2.errors.NotNullViolation: null value in column "birthDate" of relation "accounts_profile" violates not-null 
constraint
DETAIL:  Failing row contains (6, null, Test, Worker, , null, WORKER, 6, null, null, f, null, null).


The above exception was the direct cause of the following exception:

Traceback (most recent call last):
  File "C:\code\iayos\apps\backend\src\accounts\tests\test_certification_service.py", line 31, in setUp
    self.profile = Profile.objects.create(
                   ~~~~~~~~~~~~~~~~~~~~~~^
        accountFK=self.user,
        ^^^^^^^^^^^^^^^^^^^^
    ...<2 lines>...
        profileType="WORKER"
        ^^^^^^^^^^^^^^^^^^^^
    )
    ^
  File "C:\code\iayos\apps\backend\venv\Lib\site-packages\django\db\models\manager.py", line 87, in manager_method
    return getattr(self.get_queryset(), name)(*args, **kwargs)
           ~~~~~~~~~~~~~~~~~~~~~~~~~~~~~~~~~~^^^^^^^^^^^^^^^^^
  File "C:\code\iayos\apps\backend\venv\Lib\site-packages\django\db\models\query.py", line 665, in create
    obj.save(force_insert=True, using=self.db)
    ~~~~~~~~^^^^^^^^^^^^^^^^^^^^^^^^^^^^^^^^^^
  File "C:\code\iayos\apps\backend\venv\Lib\site-packages\django\db\models\base.py", line 902, in save
    self.save_base(
    ~~~~~~~~~~~~~~^
        using=using,
        ^^^^^^^^^^^^
    ...<2 lines>...
        update_fields=update_fields,
        ^^^^^^^^^^^^^^^^^^^^^^^^^^^^
    )
    ^
  File "C:\code\iayos\apps\backend\venv\Lib\site-packages\django\db\models\base.py", line 1008, in save_base
    updated = self._save_table(
        raw,
    ...<4 lines>...
        update_fields,
    )
  File "C:\code\iayos\apps\backend\venv\Lib\site-packages\django\db\models\base.py", line 1169, in _save_table
    results = self._do_insert(
        cls._base_manager, using, fields, returning_fields, raw
    )
  File "C:\code\iayos\apps\backend\venv\Lib\site-packages\django\db\models\base.py", line 1210, in _do_insert
    return manager._insert(
           ~~~~~~~~~~~~~~~^
        [self],
        ^^^^^^^
    ...<3 lines>...
        raw=raw,
        ^^^^^^^^
    )
    ^
  File "C:\code\iayos\apps\backend\venv\Lib\site-packages\django\db\models\manager.py", line 87, in manager_method
    return getattr(self.get_queryset(), name)(*args, **kwargs)
           ~~~~~~~~~~~~~~~~~~~~~~~~~~~~~~~~~~^^^^^^^^^^^^^^^^^
  File "C:\code\iayos\apps\backend\venv\Lib\site-packages\django\db\models\query.py", line 1873, in _insert
    return query.get_compiler(using=using).execute_sql(returning_fields)
           ~~~~~~~~~~~~~~~~~~~~~~~~~~~~~~~~~~~~~~~~~~~^^^^^^^^^^^^^^^^^^
  File "C:\code\iayos\apps\backend\venv\Lib\site-packages\django\db\models\sql\compiler.py", line 1882, in execute_sql
    cursor.execute(sql, params)
    ~~~~~~~~~~~~~~^^^^^^^^^^^^^
  File "C:\code\iayos\apps\backend\venv\Lib\site-packages\django\db\backends\utils.py", line 79, in execute
    return self._execute_with_wrappers(
           ~~~~~~~~~~~~~~~~~~~~~~~~~~~^
        sql, params, many=False, executor=self._execute
        ^^^^^^^^^^^^^^^^^^^^^^^^^^^^^^^^^^^^^^^^^^^^^^^
    )
    ^
  File "C:\code\iayos\apps\backend\venv\Lib\site-packages\django\db\backends\utils.py", line 92, in 
_execute_with_wrappers
    return executor(sql, params, many, context)
  File "C:\code\iayos\apps\backend\venv\Lib\site-packages\django\db\backends\utils.py", line 100, in _execute
    with self.db.wrap_database_errors:
         ^^^^^^^^^^^^^^^^^^^^^^^^^^^^
  File "C:\code\iayos\apps\backend\venv\Lib\site-packages\django\db\utils.py", line 91, in __exit__
    raise dj_exc_value.with_traceback(traceback) from exc_value
  File "C:\code\iayos\apps\backend\venv\Lib\site-packages\django\db\backends\utils.py", line 105, in _execute
    return self.cursor.execute(sql, params)
           ~~~~~~~~~~~~~~~~~~~^^^^^^^^^^^^^
django.db.utils.IntegrityError: null value in column "birthDate" of relation "accounts_profile" violates not-null 
constraint
DETAIL:  Failing row contains (6, null, Test, Worker, , null, WORKER, 6, null, null, f, null, null).


======================================================================
ERROR: test_update_certification_success 
(accounts.tests.test_certification_service.CertificationServiceTestCase.test_update_certification_success)
Test updating certification details
----------------------------------------------------------------------
Traceback (most recent call last):
  File "C:\code\iayos\apps\backend\venv\Lib\site-packages\django\db\backends\utils.py", line 105, in _execute
    return self.cursor.execute(sql, params)
           ~~~~~~~~~~~~~~~~~~~^^^^^^^^^^^^^
psycopg2.errors.NotNullViolation: null value in column "birthDate" of relation "accounts_profile" violates not-null 
constraint
DETAIL:  Failing row contains (7, null, Test, Worker, , null, WORKER, 7, null, null, f, null, null).


The above exception was the direct cause of the following exception:

Traceback (most recent call last):
  File "C:\code\iayos\apps\backend\src\accounts\tests\test_certification_service.py", line 31, in setUp
    self.profile = Profile.objects.create(
                   ~~~~~~~~~~~~~~~~~~~~~~^
        accountFK=self.user,
        ^^^^^^^^^^^^^^^^^^^^
    ...<2 lines>...
        profileType="WORKER"
        ^^^^^^^^^^^^^^^^^^^^
    )
    ^
  File "C:\code\iayos\apps\backend\venv\Lib\site-packages\django\db\models\manager.py", line 87, in manager_method
    return getattr(self.get_queryset(), name)(*args, **kwargs)
           ~~~~~~~~~~~~~~~~~~~~~~~~~~~~~~~~~~^^^^^^^^^^^^^^^^^
  File "C:\code\iayos\apps\backend\venv\Lib\site-packages\django\db\models\query.py", line 665, in create
    obj.save(force_insert=True, using=self.db)
    ~~~~~~~~^^^^^^^^^^^^^^^^^^^^^^^^^^^^^^^^^^
  File "C:\code\iayos\apps\backend\venv\Lib\site-packages\django\db\models\base.py", line 902, in save
    self.save_base(
    ~~~~~~~~~~~~~~^
        using=using,
        ^^^^^^^^^^^^
    ...<2 lines>...
        update_fields=update_fields,
        ^^^^^^^^^^^^^^^^^^^^^^^^^^^^
    )
    ^
  File "C:\code\iayos\apps\backend\venv\Lib\site-packages\django\db\models\base.py", line 1008, in save_base
    updated = self._save_table(
        raw,
    ...<4 lines>...
        update_fields,
    )
  File "C:\code\iayos\apps\backend\venv\Lib\site-packages\django\db\models\base.py", line 1169, in _save_table
    results = self._do_insert(
        cls._base_manager, using, fields, returning_fields, raw
    )
  File "C:\code\iayos\apps\backend\venv\Lib\site-packages\django\db\models\base.py", line 1210, in _do_insert
    return manager._insert(
           ~~~~~~~~~~~~~~~^
        [self],
        ^^^^^^^
    ...<3 lines>...
        raw=raw,
        ^^^^^^^^
    )
    ^
  File "C:\code\iayos\apps\backend\venv\Lib\site-packages\django\db\models\manager.py", line 87, in manager_method
    return getattr(self.get_queryset(), name)(*args, **kwargs)
           ~~~~~~~~~~~~~~~~~~~~~~~~~~~~~~~~~~^^^^^^^^^^^^^^^^^
  File "C:\code\iayos\apps\backend\venv\Lib\site-packages\django\db\models\query.py", line 1873, in _insert
    return query.get_compiler(using=using).execute_sql(returning_fields)
           ~~~~~~~~~~~~~~~~~~~~~~~~~~~~~~~~~~~~~~~~~~~^^^^^^^^^^^^^^^^^^
  File "C:\code\iayos\apps\backend\venv\Lib\site-packages\django\db\models\sql\compiler.py", line 1882, in execute_sql
    cursor.execute(sql, params)
    ~~~~~~~~~~~~~~^^^^^^^^^^^^^
  File "C:\code\iayos\apps\backend\venv\Lib\site-packages\django\db\backends\utils.py", line 79, in execute
    return self._execute_with_wrappers(
           ~~~~~~~~~~~~~~~~~~~~~~~~~~~^
        sql, params, many=False, executor=self._execute
        ^^^^^^^^^^^^^^^^^^^^^^^^^^^^^^^^^^^^^^^^^^^^^^^
    )
    ^
  File "C:\code\iayos\apps\backend\venv\Lib\site-packages\django\db\backends\utils.py", line 92, in 
_execute_with_wrappers
    return executor(sql, params, many, context)
  File "C:\code\iayos\apps\backend\venv\Lib\site-packages\django\db\backends\utils.py", line 100, in _execute
    with self.db.wrap_database_errors:
         ^^^^^^^^^^^^^^^^^^^^^^^^^^^^
  File "C:\code\iayos\apps\backend\venv\Lib\site-packages\django\db\utils.py", line 91, in __exit__
    raise dj_exc_value.with_traceback(traceback) from exc_value
  File "C:\code\iayos\apps\backend\venv\Lib\site-packages\django\db\backends\utils.py", line 105, in _execute
    return self.cursor.execute(sql, params)
           ~~~~~~~~~~~~~~~~~~~^^^^^^^^^^^^^
django.db.utils.IntegrityError: null value in column "birthDate" of relation "accounts_profile" violates not-null 
constraint
DETAIL:  Failing row contains (7, null, Test, Worker, , null, WORKER, 7, null, null, f, null, null).


======================================================================
ERROR: test_verify_certification_admin 
(accounts.tests.test_certification_service.CertificationServiceTestCase.test_verify_certification_admin)
Test admin can verify certifications
----------------------------------------------------------------------
Traceback (most recent call last):
  File "C:\code\iayos\apps\backend\venv\Lib\site-packages\django\db\backends\utils.py", line 105, in _execute
    return self.cursor.execute(sql, params)
           ~~~~~~~~~~~~~~~~~~~^^^^^^^^^^^^^
psycopg2.errors.NotNullViolation: null value in column "birthDate" of relation "accounts_profile" violates not-null 
constraint
DETAIL:  Failing row contains (8, null, Test, Worker, , null, WORKER, 8, null, null, f, null, null).


The above exception was the direct cause of the following exception:

Traceback (most recent call last):
  File "C:\code\iayos\apps\backend\src\accounts\tests\test_certification_service.py", line 31, in setUp
    self.profile = Profile.objects.create(
                   ~~~~~~~~~~~~~~~~~~~~~~^
        accountFK=self.user,
        ^^^^^^^^^^^^^^^^^^^^
    ...<2 lines>...
        profileType="WORKER"
        ^^^^^^^^^^^^^^^^^^^^
    )
    ^
  File "C:\code\iayos\apps\backend\venv\Lib\site-packages\django\db\models\manager.py", line 87, in manager_method
    return getattr(self.get_queryset(), name)(*args, **kwargs)
           ~~~~~~~~~~~~~~~~~~~~~~~~~~~~~~~~~~^^^^^^^^^^^^^^^^^
  File "C:\code\iayos\apps\backend\venv\Lib\site-packages\django\db\models\query.py", line 665, in create
    obj.save(force_insert=True, using=self.db)
    ~~~~~~~~^^^^^^^^^^^^^^^^^^^^^^^^^^^^^^^^^^
  File "C:\code\iayos\apps\backend\venv\Lib\site-packages\django\db\models\base.py", line 902, in save
    self.save_base(
    ~~~~~~~~~~~~~~^
        using=using,
        ^^^^^^^^^^^^
    ...<2 lines>...
        update_fields=update_fields,
        ^^^^^^^^^^^^^^^^^^^^^^^^^^^^
    )
    ^
  File "C:\code\iayos\apps\backend\venv\Lib\site-packages\django\db\models\base.py", line 1008, in save_base
    updated = self._save_table(
        raw,
    ...<4 lines>...
        update_fields,
    )
  File "C:\code\iayos\apps\backend\venv\Lib\site-packages\django\db\models\base.py", line 1169, in _save_table
    results = self._do_insert(
        cls._base_manager, using, fields, returning_fields, raw
    )
  File "C:\code\iayos\apps\backend\venv\Lib\site-packages\django\db\models\base.py", line 1210, in _do_insert
    return manager._insert(
           ~~~~~~~~~~~~~~~^
        [self],
        ^^^^^^^
    ...<3 lines>...
        raw=raw,
        ^^^^^^^^
    )
    ^
  File "C:\code\iayos\apps\backend\venv\Lib\site-packages\django\db\models\manager.py", line 87, in manager_method
    return getattr(self.get_queryset(), name)(*args, **kwargs)
           ~~~~~~~~~~~~~~~~~~~~~~~~~~~~~~~~~~^^^^^^^^^^^^^^^^^
  File "C:\code\iayos\apps\backend\venv\Lib\site-packages\django\db\models\query.py", line 1873, in _insert
    return query.get_compiler(using=using).execute_sql(returning_fields)
           ~~~~~~~~~~~~~~~~~~~~~~~~~~~~~~~~~~~~~~~~~~~^^^^^^^^^^^^^^^^^^
  File "C:\code\iayos\apps\backend\venv\Lib\site-packages\django\db\models\sql\compiler.py", line 1882, in execute_sql
    cursor.execute(sql, params)
    ~~~~~~~~~~~~~~^^^^^^^^^^^^^
  File "C:\code\iayos\apps\backend\venv\Lib\site-packages\django\db\backends\utils.py", line 79, in execute
    return self._execute_with_wrappers(
           ~~~~~~~~~~~~~~~~~~~~~~~~~~~^
        sql, params, many=False, executor=self._execute
        ^^^^^^^^^^^^^^^^^^^^^^^^^^^^^^^^^^^^^^^^^^^^^^^
    )
    ^
  File "C:\code\iayos\apps\backend\venv\Lib\site-packages\django\db\backends\utils.py", line 92, in 
_execute_with_wrappers
    return executor(sql, params, many, context)
  File "C:\code\iayos\apps\backend\venv\Lib\site-packages\django\db\backends\utils.py", line 100, in _execute
    with self.db.wrap_database_errors:
         ^^^^^^^^^^^^^^^^^^^^^^^^^^^^
  File "C:\code\iayos\apps\backend\venv\Lib\site-packages\django\db\utils.py", line 91, in __exit__
    raise dj_exc_value.with_traceback(traceback) from exc_value
  File "C:\code\iayos\apps\backend\venv\Lib\site-packages\django\db\backends\utils.py", line 105, in _execute
    return self.cursor.execute(sql, params)
           ~~~~~~~~~~~~~~~~~~~^^^^^^^^^^^^^
django.db.utils.IntegrityError: null value in column "birthDate" of relation "accounts_profile" violates not-null 
constraint
DETAIL:  Failing row contains (8, null, Test, Worker, , null, WORKER, 8, null, null, f, null, null).


======================================================================
ERROR: test_verify_certification_non_admin 
(accounts.tests.test_certification_service.CertificationServiceTestCase.test_verify_certification_non_admin)
Test non-admin cannot verify certifications
----------------------------------------------------------------------
Traceback (most recent call last):
  File "C:\code\iayos\apps\backend\venv\Lib\site-packages\django\db\backends\utils.py", line 105, in _execute
    return self.cursor.execute(sql, params)
           ~~~~~~~~~~~~~~~~~~~^^^^^^^^^^^^^
psycopg2.errors.NotNullViolation: null value in column "birthDate" of relation "accounts_profile" violates not-null 
constraint
DETAIL:  Failing row contains (9, null, Test, Worker, , null, WORKER, 9, null, null, f, null, null).


The above exception was the direct cause of the following exception:

Traceback (most recent call last):
  File "C:\code\iayos\apps\backend\src\accounts\tests\test_certification_service.py", line 31, in setUp
    self.profile = Profile.objects.create(
                   ~~~~~~~~~~~~~~~~~~~~~~^
        accountFK=self.user,
        ^^^^^^^^^^^^^^^^^^^^
    ...<2 lines>...
        profileType="WORKER"
        ^^^^^^^^^^^^^^^^^^^^
    )
    ^
  File "C:\code\iayos\apps\backend\venv\Lib\site-packages\django\db\models\manager.py", line 87, in manager_method
    return getattr(self.get_queryset(), name)(*args, **kwargs)
           ~~~~~~~~~~~~~~~~~~~~~~~~~~~~~~~~~~^^^^^^^^^^^^^^^^^
  File "C:\code\iayos\apps\backend\venv\Lib\site-packages\django\db\models\query.py", line 665, in create
    obj.save(force_insert=True, using=self.db)
    ~~~~~~~~^^^^^^^^^^^^^^^^^^^^^^^^^^^^^^^^^^
  File "C:\code\iayos\apps\backend\venv\Lib\site-packages\django\db\models\base.py", line 902, in save
    self.save_base(
    ~~~~~~~~~~~~~~^
        using=using,
        ^^^^^^^^^^^^
    ...<2 lines>...
        update_fields=update_fields,
        ^^^^^^^^^^^^^^^^^^^^^^^^^^^^
    )
    ^
  File "C:\code\iayos\apps\backend\venv\Lib\site-packages\django\db\models\base.py", line 1008, in save_base
    updated = self._save_table(
        raw,
    ...<4 lines>...
        update_fields,
    )
  File "C:\code\iayos\apps\backend\venv\Lib\site-packages\django\db\models\base.py", line 1169, in _save_table
    results = self._do_insert(
        cls._base_manager, using, fields, returning_fields, raw
    )
  File "C:\code\iayos\apps\backend\venv\Lib\site-packages\django\db\models\base.py", line 1210, in _do_insert
    return manager._insert(
           ~~~~~~~~~~~~~~~^
        [self],
        ^^^^^^^
    ...<3 lines>...
        raw=raw,
        ^^^^^^^^
    )
    ^
  File "C:\code\iayos\apps\backend\venv\Lib\site-packages\django\db\models\manager.py", line 87, in manager_method
    return getattr(self.get_queryset(), name)(*args, **kwargs)
           ~~~~~~~~~~~~~~~~~~~~~~~~~~~~~~~~~~^^^^^^^^^^^^^^^^^
  File "C:\code\iayos\apps\backend\venv\Lib\site-packages\django\db\models\query.py", line 1873, in _insert
    return query.get_compiler(using=using).execute_sql(returning_fields)
           ~~~~~~~~~~~~~~~~~~~~~~~~~~~~~~~~~~~~~~~~~~~^^^^^^^^^^^^^^^^^^
  File "C:\code\iayos\apps\backend\venv\Lib\site-packages\django\db\models\sql\compiler.py", line 1882, in execute_sql
    cursor.execute(sql, params)
    ~~~~~~~~~~~~~~^^^^^^^^^^^^^
  File "C:\code\iayos\apps\backend\venv\Lib\site-packages\django\db\backends\utils.py", line 79, in execute
    return self._execute_with_wrappers(
           ~~~~~~~~~~~~~~~~~~~~~~~~~~~^
        sql, params, many=False, executor=self._execute
        ^^^^^^^^^^^^^^^^^^^^^^^^^^^^^^^^^^^^^^^^^^^^^^^
    )
    ^
  File "C:\code\iayos\apps\backend\venv\Lib\site-packages\django\db\backends\utils.py", line 92, in 
_execute_with_wrappers
    return executor(sql, params, many, context)
  File "C:\code\iayos\apps\backend\venv\Lib\site-packages\django\db\backends\utils.py", line 100, in _execute
    with self.db.wrap_database_errors:
         ^^^^^^^^^^^^^^^^^^^^^^^^^^^^
  File "C:\code\iayos\apps\backend\venv\Lib\site-packages\django\db\utils.py", line 91, in __exit__
    raise dj_exc_value.with_traceback(traceback) from exc_value
  File "C:\code\iayos\apps\backend\venv\Lib\site-packages\django\db\backends\utils.py", line 105, in _execute
    return self.cursor.execute(sql, params)
           ~~~~~~~~~~~~~~~~~~~^^^^^^^^^^^^^
django.db.utils.IntegrityError: null value in column "birthDate" of relation "accounts_profile" violates not-null 
constraint
DETAIL:  Failing row contains (9, null, Test, Worker, , null, WORKER, 9, null, null, f, null, null).


======================================================================
ERROR: test_caption_max_length 
(accounts.tests.test_portfolio_service.PortfolioServiceTestCase.test_caption_max_length)
Test that caption has max length validation
----------------------------------------------------------------------
Traceback (most recent call last):
  File "C:\code\iayos\apps\backend\src\accounts\portfolio_service.py", line 51, in upload_portfolio_image
    worker_id = worker_profile.profileID.profileID
                ^^^^^^^^^^^^^^^^^^^^^^^^
AttributeError: 'Accounts' object has no attribute 'profileID'

During handling of the above exception, another exception occurred:

Traceback (most recent call last):
  File "C:\code\iayos\apps\backend\src\accounts\tests\test_portfolio_service.py", line 271, in test_caption_max_length
    result = upload_portfolio_image(self.user, data)
  File "C:\code\iayos\apps\backend\src\accounts\portfolio_service.py", line 58, in upload_portfolio_image
    raise ValueError(f"Portfolio upload failed: {str(e)}")
ValueError: Portfolio upload failed: 'Accounts' object has no attribute 'profileID'

======================================================================
ERROR: test_delete_portfolio_image_reorders_remaining 
(accounts.tests.test_portfolio_service.PortfolioServiceTestCase.test_delete_portfolio_image_reorders_remaining)
Test that remaining items are reordered after deletion
----------------------------------------------------------------------
Traceback (most recent call last):
  File "C:\code\iayos\apps\backend\src\accounts\tests\test_portfolio_service.py", line 196, in 
test_delete_portfolio_image_reorders_remaining
    item1 = WorkerPortfolio.objects.create(
        worker_profile=self.worker_profile,
        image_url="https://example.com/image1.jpg",
        display_order=1
    )
  File "C:\code\iayos\apps\backend\venv\Lib\site-packages\django\db\models\manager.py", line 87, in manager_method
    return getattr(self.get_queryset(), name)(*args, **kwargs)
           ~~~~~~~~~~~~~~~~~~~~~~~~~~~~~~~~~~^^^^^^^^^^^^^^^^^
  File "C:\code\iayos\apps\backend\venv\Lib\site-packages\django\db\models\query.py", line 663, in create
    obj = self.model(**kwargs)
  File "C:\code\iayos\apps\backend\venv\Lib\site-packages\django\db\models\base.py", line 569, in __init__
    raise TypeError(
    ...<2 lines>...
    )
TypeError: WorkerPortfolio() got unexpected keyword arguments: 'worker_profile'

======================================================================
ERROR: test_delete_portfolio_image_success 
(accounts.tests.test_portfolio_service.PortfolioServiceTestCase.test_delete_portfolio_image_success)
Test deleting a portfolio image
----------------------------------------------------------------------
Traceback (most recent call last):
  File "C:\code\iayos\apps\backend\src\accounts\tests\test_portfolio_service.py", line 182, in 
test_delete_portfolio_image_success
    item = WorkerPortfolio.objects.create(
        worker_profile=self.worker_profile,
        image_url="https://example.com/image1.jpg",
        display_order=1
    )
  File "C:\code\iayos\apps\backend\venv\Lib\site-packages\django\db\models\manager.py", line 87, in manager_method
    return getattr(self.get_queryset(), name)(*args, **kwargs)
           ~~~~~~~~~~~~~~~~~~~~~~~~~~~~~~~~~~^^^^^^^^^^^^^^^^^
  File "C:\code\iayos\apps\backend\venv\Lib\site-packages\django\db\models\query.py", line 663, in create
    obj = self.model(**kwargs)
  File "C:\code\iayos\apps\backend\venv\Lib\site-packages\django\db\models\base.py", line 569, in __init__
    raise TypeError(
    ...<2 lines>...
    )
TypeError: WorkerPortfolio() got unexpected keyword arguments: 'worker_profile'

======================================================================
ERROR: test_get_portfolio_ordered 
(accounts.tests.test_portfolio_service.PortfolioServiceTestCase.test_get_portfolio_ordered)
Test that portfolio items are returned in display_order
----------------------------------------------------------------------
Traceback (most recent call last):
  File "C:\code\iayos\apps\backend\src\accounts\tests\test_portfolio_service.py", line 73, in 
test_get_portfolio_ordered
    WorkerPortfolio.objects.create(
    ~~~~~~~~~~~~~~~~~~~~~~~~~~~~~~^
        worker_profile=self.worker_profile,
        ^^^^^^^^^^^^^^^^^^^^^^^^^^^^^^^^^^^
        image_url="https://example.com/image3.jpg",
        ^^^^^^^^^^^^^^^^^^^^^^^^^^^^^^^^^^^^^^^^^^^
        display_order=3
        ^^^^^^^^^^^^^^^
    )
    ^
  File "C:\code\iayos\apps\backend\venv\Lib\site-packages\django\db\models\manager.py", line 87, in manager_method
    return getattr(self.get_queryset(), name)(*args, **kwargs)
           ~~~~~~~~~~~~~~~~~~~~~~~~~~~~~~~~~~^^^^^^^^^^^^^^^^^
  File "C:\code\iayos\apps\backend\venv\Lib\site-packages\django\db\models\query.py", line 663, in create
    obj = self.model(**kwargs)
  File "C:\code\iayos\apps\backend\venv\Lib\site-packages\django\db\models\base.py", line 569, in __init__
    raise TypeError(
    ...<2 lines>...
    )
TypeError: WorkerPortfolio() got unexpected keyword arguments: 'worker_profile'

======================================================================
ERROR: test_reorder_portfolio_invalid_order 
(accounts.tests.test_portfolio_service.PortfolioServiceTestCase.test_reorder_portfolio_invalid_order)
Test reordering with invalid item IDs
----------------------------------------------------------------------
Traceback (most recent call last):
  File "C:\code\iayos\apps\backend\src\accounts\tests\test_portfolio_service.py", line 168, in 
test_reorder_portfolio_invalid_order
    item1 = WorkerPortfolio.objects.create(
        worker_profile=self.worker_profile,
        image_url="https://example.com/image1.jpg",
        display_order=1
    )
  File "C:\code\iayos\apps\backend\venv\Lib\site-packages\django\db\models\manager.py", line 87, in manager_method
    return getattr(self.get_queryset(), name)(*args, **kwargs)
           ~~~~~~~~~~~~~~~~~~~~~~~~~~~~~~~~~~^^^^^^^^^^^^^^^^^
  File "C:\code\iayos\apps\backend\venv\Lib\site-packages\django\db\models\query.py", line 663, in create
    obj = self.model(**kwargs)
  File "C:\code\iayos\apps\backend\venv\Lib\site-packages\django\db\models\base.py", line 569, in __init__
    raise TypeError(
    ...<2 lines>...
    )
TypeError: WorkerPortfolio() got unexpected keyword arguments: 'worker_profile'

======================================================================
ERROR: test_reorder_portfolio_valid_order 
(accounts.tests.test_portfolio_service.PortfolioServiceTestCase.test_reorder_portfolio_valid_order)
Test reordering portfolio items
----------------------------------------------------------------------
Traceback (most recent call last):
  File "C:\code\iayos\apps\backend\src\accounts\tests\test_portfolio_service.py", line 139, in 
test_reorder_portfolio_valid_order
    item1 = WorkerPortfolio.objects.create(
        worker_profile=self.worker_profile,
        image_url="https://example.com/image1.jpg",
        display_order=1
    )
  File "C:\code\iayos\apps\backend\venv\Lib\site-packages\django\db\models\manager.py", line 87, in manager_method
    return getattr(self.get_queryset(), name)(*args, **kwargs)
           ~~~~~~~~~~~~~~~~~~~~~~~~~~~~~~~~~~^^^^^^^^^^^^^^^^^
  File "C:\code\iayos\apps\backend\venv\Lib\site-packages\django\db\models\query.py", line 663, in create
    obj = self.model(**kwargs)
  File "C:\code\iayos\apps\backend\venv\Lib\site-packages\django\db\models\base.py", line 569, in __init__
    raise TypeError(
    ...<2 lines>...
    )
TypeError: WorkerPortfolio() got unexpected keyword arguments: 'worker_profile'

======================================================================
ERROR: test_update_portfolio_caption_not_owner 
(accounts.tests.test_portfolio_service.PortfolioServiceTestCase.test_update_portfolio_caption_not_owner)
Test that user cannot update another user's portfolio
----------------------------------------------------------------------
Traceback (most recent call last):
  File "C:\code\iayos\apps\backend\venv\Lib\site-packages\django\db\backends\utils.py", line 105, in _execute
    return self.cursor.execute(sql, params)
           ~~~~~~~~~~~~~~~~~~~^^^^^^^^^^^^^
psycopg2.errors.NotNullViolation: null value in column "birthDate" of relation "accounts_profile" violates not-null 
constraint
DETAIL:  Failing row contains (17, null, Other, Worker, , null, WORKER, 17, null, null, f, null, null).


The above exception was the direct cause of the following exception:

Traceback (most recent call last):
  File "C:\code\iayos\apps\backend\src\accounts\tests\test_portfolio_service.py", line 119, in 
test_update_portfolio_caption_not_owner
    other_profile = Profile.objects.create(
        accountFK=other_user,
    ...<2 lines>...
        profileType="WORKER"
    )
  File "C:\code\iayos\apps\backend\venv\Lib\site-packages\django\db\models\manager.py", line 87, in manager_method
    return getattr(self.get_queryset(), name)(*args, **kwargs)
           ~~~~~~~~~~~~~~~~~~~~~~~~~~~~~~~~~~^^^^^^^^^^^^^^^^^
  File "C:\code\iayos\apps\backend\venv\Lib\site-packages\django\db\models\query.py", line 665, in create
    obj.save(force_insert=True, using=self.db)
    ~~~~~~~~^^^^^^^^^^^^^^^^^^^^^^^^^^^^^^^^^^
  File "C:\code\iayos\apps\backend\venv\Lib\site-packages\django\db\models\base.py", line 902, in save
    self.save_base(
    ~~~~~~~~~~~~~~^
        using=using,
        ^^^^^^^^^^^^
    ...<2 lines>...
        update_fields=update_fields,
        ^^^^^^^^^^^^^^^^^^^^^^^^^^^^
    )
    ^
  File "C:\code\iayos\apps\backend\venv\Lib\site-packages\django\db\models\base.py", line 1008, in save_base
    updated = self._save_table(
        raw,
    ...<4 lines>...
        update_fields,
    )
  File "C:\code\iayos\apps\backend\venv\Lib\site-packages\django\db\models\base.py", line 1169, in _save_table
    results = self._do_insert(
        cls._base_manager, using, fields, returning_fields, raw
    )
  File "C:\code\iayos\apps\backend\venv\Lib\site-packages\django\db\models\base.py", line 1210, in _do_insert
    return manager._insert(
           ~~~~~~~~~~~~~~~^
        [self],
        ^^^^^^^
    ...<3 lines>...
        raw=raw,
        ^^^^^^^^
    )
    ^
  File "C:\code\iayos\apps\backend\venv\Lib\site-packages\django\db\models\manager.py", line 87, in manager_method
    return getattr(self.get_queryset(), name)(*args, **kwargs)
           ~~~~~~~~~~~~~~~~~~~~~~~~~~~~~~~~~~^^^^^^^^^^^^^^^^^
  File "C:\code\iayos\apps\backend\venv\Lib\site-packages\django\db\models\query.py", line 1873, in _insert
    return query.get_compiler(using=using).execute_sql(returning_fields)
           ~~~~~~~~~~~~~~~~~~~~~~~~~~~~~~~~~~~~~~~~~~~^^^^^^^^^^^^^^^^^^
  File "C:\code\iayos\apps\backend\venv\Lib\site-packages\django\db\models\sql\compiler.py", line 1882, in execute_sql
    cursor.execute(sql, params)
    ~~~~~~~~~~~~~~^^^^^^^^^^^^^
  File "C:\code\iayos\apps\backend\venv\Lib\site-packages\django\db\backends\utils.py", line 79, in execute
    return self._execute_with_wrappers(
           ~~~~~~~~~~~~~~~~~~~~~~~~~~~^
        sql, params, many=False, executor=self._execute
        ^^^^^^^^^^^^^^^^^^^^^^^^^^^^^^^^^^^^^^^^^^^^^^^
    )
    ^
  File "C:\code\iayos\apps\backend\venv\Lib\site-packages\django\db\backends\utils.py", line 92, in 
_execute_with_wrappers
    return executor(sql, params, many, context)
  File "C:\code\iayos\apps\backend\venv\Lib\site-packages\django\db\backends\utils.py", line 100, in _execute
    with self.db.wrap_database_errors:
         ^^^^^^^^^^^^^^^^^^^^^^^^^^^^
  File "C:\code\iayos\apps\backend\venv\Lib\site-packages\django\db\utils.py", line 91, in __exit__
    raise dj_exc_value.with_traceback(traceback) from exc_value
  File "C:\code\iayos\apps\backend\venv\Lib\site-packages\django\db\backends\utils.py", line 105, in _execute
    return self.cursor.execute(sql, params)
           ~~~~~~~~~~~~~~~~~~~^^^^^^^^^^^^^
django.db.utils.IntegrityError: null value in column "birthDate" of relation "accounts_profile" violates not-null 
constraint
DETAIL:  Failing row contains (17, null, Other, Worker, , null, WORKER, 17, null, null, f, null, null).


======================================================================
ERROR: test_update_portfolio_caption_success 
(accounts.tests.test_portfolio_service.PortfolioServiceTestCase.test_update_portfolio_caption_success)
Test updating portfolio item caption
----------------------------------------------------------------------
Traceback (most recent call last):
  File "C:\code\iayos\apps\backend\src\accounts\tests\test_portfolio_service.py", line 98, in 
test_update_portfolio_caption_success
    item = WorkerPortfolio.objects.create(
        worker_profile=self.worker_profile,
    ...<2 lines>...
        display_order=1
    )
  File "C:\code\iayos\apps\backend\venv\Lib\site-packages\django\db\models\manager.py", line 87, in manager_method
    return getattr(self.get_queryset(), name)(*args, **kwargs)
           ~~~~~~~~~~~~~~~~~~~~~~~~~~~~~~~~~~^^^^^^^^^^^^^^^^^
  File "C:\code\iayos\apps\backend\venv\Lib\site-packages\django\db\models\query.py", line 663, in create
    obj = self.model(**kwargs)
  File "C:\code\iayos\apps\backend\venv\Lib\site-packages\django\db\models\base.py", line 569, in __init__
    raise TypeError(
    ...<2 lines>...
    )
TypeError: WorkerPortfolio() got unexpected keyword arguments: 'worker_profile'

======================================================================
ERROR: test_upload_portfolio_image_auto_order 
(accounts.tests.test_portfolio_service.PortfolioServiceTestCase.test_upload_portfolio_image_auto_order)
Test that display_order is automatically incremented
----------------------------------------------------------------------
Traceback (most recent call last):
  File "C:\code\iayos\apps\backend\src\accounts\tests\test_portfolio_service.py", line 54, in 
test_upload_portfolio_image_auto_order
    WorkerPortfolio.objects.create(
    ~~~~~~~~~~~~~~~~~~~~~~~~~~~~~~^
        worker_profile=self.worker_profile,
        ^^^^^^^^^^^^^^^^^^^^^^^^^^^^^^^^^^^
        image_url="https://example.com/image1.jpg",
        ^^^^^^^^^^^^^^^^^^^^^^^^^^^^^^^^^^^^^^^^^^^
        display_order=1
        ^^^^^^^^^^^^^^^
    )
    ^
  File "C:\code\iayos\apps\backend\venv\Lib\site-packages\django\db\models\manager.py", line 87, in manager_method
    return getattr(self.get_queryset(), name)(*args, **kwargs)
           ~~~~~~~~~~~~~~~~~~~~~~~~~~~~~~~~~~^^^^^^^^^^^^^^^^^
  File "C:\code\iayos\apps\backend\venv\Lib\site-packages\django\db\models\query.py", line 663, in create
    obj = self.model(**kwargs)
  File "C:\code\iayos\apps\backend\venv\Lib\site-packages\django\db\models\base.py", line 569, in __init__
    raise TypeError(
    ...<2 lines>...
    )
TypeError: WorkerPortfolio() got unexpected keyword arguments: 'worker_profile'

======================================================================
ERROR: test_upload_portfolio_image_success 
(accounts.tests.test_portfolio_service.PortfolioServiceTestCase.test_upload_portfolio_image_success)
Test uploading a portfolio image
----------------------------------------------------------------------
Traceback (most recent call last):
  File "C:\code\iayos\apps\backend\src\accounts\portfolio_service.py", line 51, in upload_portfolio_image
    worker_id = worker_profile.profileID.profileID
                ^^^^^^^^^^^^^^^^^^^^^^^^
AttributeError: 'Accounts' object has no attribute 'profileID'

During handling of the above exception, another exception occurred:

Traceback (most recent call last):
  File "C:\code\iayos\apps\backend\src\accounts\tests\test_portfolio_service.py", line 46, in 
test_upload_portfolio_image_success
    result = upload_portfolio_image(self.user, data)
  File "C:\code\iayos\apps\backend\src\accounts\portfolio_service.py", line 58, in upload_portfolio_image
    raise ValueError(f"Portfolio upload failed: {str(e)}")
ValueError: Portfolio upload failed: 'Accounts' object has no attribute 'profileID'

======================================================================
ERROR: test_validate_image_file_valid_jpeg 
(accounts.tests.test_portfolio_service.PortfolioServiceTestCase.test_validate_image_file_valid_jpeg)
Test validation passes for valid JPEG
----------------------------------------------------------------------
Traceback (most recent call last):
  File "C:\code\iayos\apps\backend\src\accounts\tests\test_portfolio_service.py", line 250, in 
test_validate_image_file_valid_jpeg
    validate_image_file(mock_file)
    ~~~~~~~~~~~~~~~~~~~^^^^^^^^^^^
  File "C:\code\iayos\apps\backend\src\accounts\portfolio_service.py", line 289, in validate_image_file
    extension = '.' + file_name.split('.')[-1].lower() if '.' in file_name else ''
                                                          ^^^^^^^^^^^^^^^^
TypeError: argument of type 'Mock' is not iterable

======================================================================
ERROR: test_validate_image_file_valid_png 
(accounts.tests.test_portfolio_service.PortfolioServiceTestCase.test_validate_image_file_valid_png)
Test validation passes for valid PNG
----------------------------------------------------------------------
Traceback (most recent call last):
  File "C:\code\iayos\apps\backend\src\accounts\tests\test_portfolio_service.py", line 259, in 
test_validate_image_file_valid_png
    validate_image_file(mock_file)
    ~~~~~~~~~~~~~~~~~~~^^^^^^^^^^^
  File "C:\code\iayos\apps\backend\src\accounts\portfolio_service.py", line 289, in validate_image_file
    extension = '.' + file_name.split('.')[-1].lower() if '.' in file_name else ''
                                                          ^^^^^^^^^^^^^^^^
TypeError: argument of type 'Mock' is not iterable

======================================================================
ERROR: test_add_certification_missing_required_field 
(accounts.tests.test_worker_api.WorkerAPIIntegrationTestCase.test_add_certification_missing_required_field)
Test adding certification with missing required field
----------------------------------------------------------------------
Traceback (most recent call last):
  File "C:\code\iayos\apps\backend\venv\Lib\site-packages\django\db\backends\utils.py", line 105, in _execute
    return self.cursor.execute(sql, params)
           ~~~~~~~~~~~~~~~~~~~^^^^^^^^^^^^^
psycopg2.errors.NotNullViolation: null value in column "birthDate" of relation "accounts_profile" violates not-null 
constraint
DETAIL:  Failing row contains (25, null, Test, Worker, , null, WORKER, 25, null, null, f, null, null).


The above exception was the direct cause of the following exception:

Traceback (most recent call last):
  File "C:\code\iayos\apps\backend\src\accounts\tests\test_worker_api.py", line 26, in setUp
    self.worker_profile = Profile.objects.create(
                          ~~~~~~~~~~~~~~~~~~~~~~^
        accountFK=self.worker_user,
        ^^^^^^^^^^^^^^^^^^^^^^^^^^^
    ...<2 lines>...
        profileType="WORKER"
        ^^^^^^^^^^^^^^^^^^^^
    )
    ^
  File "C:\code\iayos\apps\backend\venv\Lib\site-packages\django\db\models\manager.py", line 87, in manager_method
    return getattr(self.get_queryset(), name)(*args, **kwargs)
           ~~~~~~~~~~~~~~~~~~~~~~~~~~~~~~~~~~^^^^^^^^^^^^^^^^^
  File "C:\code\iayos\apps\backend\venv\Lib\site-packages\django\db\models\query.py", line 665, in create
    obj.save(force_insert=True, using=self.db)
    ~~~~~~~~^^^^^^^^^^^^^^^^^^^^^^^^^^^^^^^^^^
  File "C:\code\iayos\apps\backend\venv\Lib\site-packages\django\db\models\base.py", line 902, in save
    self.save_base(
    ~~~~~~~~~~~~~~^
        using=using,
        ^^^^^^^^^^^^
    ...<2 lines>...
        update_fields=update_fields,
        ^^^^^^^^^^^^^^^^^^^^^^^^^^^^
    )
    ^
  File "C:\code\iayos\apps\backend\venv\Lib\site-packages\django\db\models\base.py", line 1008, in save_base
    updated = self._save_table(
        raw,
    ...<4 lines>...
        update_fields,
    )
  File "C:\code\iayos\apps\backend\venv\Lib\site-packages\django\db\models\base.py", line 1169, in _save_table
    results = self._do_insert(
        cls._base_manager, using, fields, returning_fields, raw
    )
  File "C:\code\iayos\apps\backend\venv\Lib\site-packages\django\db\models\base.py", line 1210, in _do_insert
    return manager._insert(
           ~~~~~~~~~~~~~~~^
        [self],
        ^^^^^^^
    ...<3 lines>...
        raw=raw,
        ^^^^^^^^
    )
    ^
  File "C:\code\iayos\apps\backend\venv\Lib\site-packages\django\db\models\manager.py", line 87, in manager_method
    return getattr(self.get_queryset(), name)(*args, **kwargs)
           ~~~~~~~~~~~~~~~~~~~~~~~~~~~~~~~~~~^^^^^^^^^^^^^^^^^
  File "C:\code\iayos\apps\backend\venv\Lib\site-packages\django\db\models\query.py", line 1873, in _insert
    return query.get_compiler(using=using).execute_sql(returning_fields)
           ~~~~~~~~~~~~~~~~~~~~~~~~~~~~~~~~~~~~~~~~~~~^^^^^^^^^^^^^^^^^^
  File "C:\code\iayos\apps\backend\venv\Lib\site-packages\django\db\models\sql\compiler.py", line 1882, in execute_sql
    cursor.execute(sql, params)
    ~~~~~~~~~~~~~~^^^^^^^^^^^^^
  File "C:\code\iayos\apps\backend\venv\Lib\site-packages\django\db\backends\utils.py", line 79, in execute
    return self._execute_with_wrappers(
           ~~~~~~~~~~~~~~~~~~~~~~~~~~~^
        sql, params, many=False, executor=self._execute
        ^^^^^^^^^^^^^^^^^^^^^^^^^^^^^^^^^^^^^^^^^^^^^^^
    )
    ^
  File "C:\code\iayos\apps\backend\venv\Lib\site-packages\django\db\backends\utils.py", line 92, in 
_execute_with_wrappers
    return executor(sql, params, many, context)
  File "C:\code\iayos\apps\backend\venv\Lib\site-packages\django\db\backends\utils.py", line 100, in _execute
    with self.db.wrap_database_errors:
         ^^^^^^^^^^^^^^^^^^^^^^^^^^^^
  File "C:\code\iayos\apps\backend\venv\Lib\site-packages\django\db\utils.py", line 91, in __exit__
    raise dj_exc_value.with_traceback(traceback) from exc_value
  File "C:\code\iayos\apps\backend\venv\Lib\site-packages\django\db\backends\utils.py", line 105, in _execute
    return self.cursor.execute(sql, params)
           ~~~~~~~~~~~~~~~~~~~^^^^^^^^^^^^^
django.db.utils.IntegrityError: null value in column "birthDate" of relation "accounts_profile" violates not-null 
constraint
DETAIL:  Failing row contains (25, null, Test, Worker, , null, WORKER, 25, null, null, f, null, null).


======================================================================
ERROR: test_add_certification_with_file 
(accounts.tests.test_worker_api.WorkerAPIIntegrationTestCase.test_add_certification_with_file)
Test adding certification with file upload
----------------------------------------------------------------------
Traceback (most recent call last):
  File "C:\code\iayos\apps\backend\venv\Lib\site-packages\django\db\backends\utils.py", line 105, in _execute
    return self.cursor.execute(sql, params)
           ~~~~~~~~~~~~~~~~~~~^^^^^^^^^^^^^
psycopg2.errors.NotNullViolation: null value in column "birthDate" of relation "accounts_profile" violates not-null 
constraint
DETAIL:  Failing row contains (26, null, Test, Worker, , null, WORKER, 26, null, null, f, null, null).


The above exception was the direct cause of the following exception:

Traceback (most recent call last):
  File "C:\code\iayos\apps\backend\src\accounts\tests\test_worker_api.py", line 26, in setUp
    self.worker_profile = Profile.objects.create(
                          ~~~~~~~~~~~~~~~~~~~~~~^
        accountFK=self.worker_user,
        ^^^^^^^^^^^^^^^^^^^^^^^^^^^
    ...<2 lines>...
        profileType="WORKER"
        ^^^^^^^^^^^^^^^^^^^^
    )
    ^
  File "C:\code\iayos\apps\backend\venv\Lib\site-packages\django\db\models\manager.py", line 87, in manager_method
    return getattr(self.get_queryset(), name)(*args, **kwargs)
           ~~~~~~~~~~~~~~~~~~~~~~~~~~~~~~~~~~^^^^^^^^^^^^^^^^^
  File "C:\code\iayos\apps\backend\venv\Lib\site-packages\django\db\models\query.py", line 665, in create
    obj.save(force_insert=True, using=self.db)
    ~~~~~~~~^^^^^^^^^^^^^^^^^^^^^^^^^^^^^^^^^^
  File "C:\code\iayos\apps\backend\venv\Lib\site-packages\django\db\models\base.py", line 902, in save
    self.save_base(
    ~~~~~~~~~~~~~~^
        using=using,
        ^^^^^^^^^^^^
    ...<2 lines>...
        update_fields=update_fields,
        ^^^^^^^^^^^^^^^^^^^^^^^^^^^^
    )
    ^
  File "C:\code\iayos\apps\backend\venv\Lib\site-packages\django\db\models\base.py", line 1008, in save_base
    updated = self._save_table(
        raw,
    ...<4 lines>...
        update_fields,
    )
  File "C:\code\iayos\apps\backend\venv\Lib\site-packages\django\db\models\base.py", line 1169, in _save_table
    results = self._do_insert(
        cls._base_manager, using, fields, returning_fields, raw
    )
  File "C:\code\iayos\apps\backend\venv\Lib\site-packages\django\db\models\base.py", line 1210, in _do_insert
    return manager._insert(
           ~~~~~~~~~~~~~~~^
        [self],
        ^^^^^^^
    ...<3 lines>...
        raw=raw,
        ^^^^^^^^
    )
    ^
  File "C:\code\iayos\apps\backend\venv\Lib\site-packages\django\db\models\manager.py", line 87, in manager_method
    return getattr(self.get_queryset(), name)(*args, **kwargs)
           ~~~~~~~~~~~~~~~~~~~~~~~~~~~~~~~~~~^^^^^^^^^^^^^^^^^
  File "C:\code\iayos\apps\backend\venv\Lib\site-packages\django\db\models\query.py", line 1873, in _insert
    return query.get_compiler(using=using).execute_sql(returning_fields)
           ~~~~~~~~~~~~~~~~~~~~~~~~~~~~~~~~~~~~~~~~~~~^^^^^^^^^^^^^^^^^^
  File "C:\code\iayos\apps\backend\venv\Lib\site-packages\django\db\models\sql\compiler.py", line 1882, in execute_sql
    cursor.execute(sql, params)
    ~~~~~~~~~~~~~~^^^^^^^^^^^^^
  File "C:\code\iayos\apps\backend\venv\Lib\site-packages\django\db\backends\utils.py", line 79, in execute
    return self._execute_with_wrappers(
           ~~~~~~~~~~~~~~~~~~~~~~~~~~~^
        sql, params, many=False, executor=self._execute
        ^^^^^^^^^^^^^^^^^^^^^^^^^^^^^^^^^^^^^^^^^^^^^^^
    )
    ^
  File "C:\code\iayos\apps\backend\venv\Lib\site-packages\django\db\backends\utils.py", line 92, in 
_execute_with_wrappers
    return executor(sql, params, many, context)
  File "C:\code\iayos\apps\backend\venv\Lib\site-packages\django\db\backends\utils.py", line 100, in _execute
    with self.db.wrap_database_errors:
         ^^^^^^^^^^^^^^^^^^^^^^^^^^^^
  File "C:\code\iayos\apps\backend\venv\Lib\site-packages\django\db\utils.py", line 91, in __exit__
    raise dj_exc_value.with_traceback(traceback) from exc_value
  File "C:\code\iayos\apps\backend\venv\Lib\site-packages\django\db\backends\utils.py", line 105, in _execute
    return self.cursor.execute(sql, params)
           ~~~~~~~~~~~~~~~~~~~^^^^^^^^^^^^^
django.db.utils.IntegrityError: null value in column "birthDate" of relation "accounts_profile" violates not-null 
constraint
DETAIL:  Failing row contains (26, null, Test, Worker, , null, WORKER, 26, null, null, f, null, null).


======================================================================
ERROR: test_delete_certification_success 
(accounts.tests.test_worker_api.WorkerAPIIntegrationTestCase.test_delete_certification_success)
Test deleting certification
----------------------------------------------------------------------
Traceback (most recent call last):
  File "C:\code\iayos\apps\backend\venv\Lib\site-packages\django\db\backends\utils.py", line 105, in _execute
    return self.cursor.execute(sql, params)
           ~~~~~~~~~~~~~~~~~~~^^^^^^^^^^^^^
psycopg2.errors.NotNullViolation: null value in column "birthDate" of relation "accounts_profile" violates not-null 
constraint
DETAIL:  Failing row contains (27, null, Test, Worker, , null, WORKER, 27, null, null, f, null, null).


The above exception was the direct cause of the following exception:

Traceback (most recent call last):
  File "C:\code\iayos\apps\backend\src\accounts\tests\test_worker_api.py", line 26, in setUp
    self.worker_profile = Profile.objects.create(
                          ~~~~~~~~~~~~~~~~~~~~~~^
        accountFK=self.worker_user,
        ^^^^^^^^^^^^^^^^^^^^^^^^^^^
    ...<2 lines>...
        profileType="WORKER"
        ^^^^^^^^^^^^^^^^^^^^
    )
    ^
  File "C:\code\iayos\apps\backend\venv\Lib\site-packages\django\db\models\manager.py", line 87, in manager_method
    return getattr(self.get_queryset(), name)(*args, **kwargs)
           ~~~~~~~~~~~~~~~~~~~~~~~~~~~~~~~~~~^^^^^^^^^^^^^^^^^
  File "C:\code\iayos\apps\backend\venv\Lib\site-packages\django\db\models\query.py", line 665, in create
    obj.save(force_insert=True, using=self.db)
    ~~~~~~~~^^^^^^^^^^^^^^^^^^^^^^^^^^^^^^^^^^
  File "C:\code\iayos\apps\backend\venv\Lib\site-packages\django\db\models\base.py", line 902, in save
    self.save_base(
    ~~~~~~~~~~~~~~^
        using=using,
        ^^^^^^^^^^^^
    ...<2 lines>...
        update_fields=update_fields,
        ^^^^^^^^^^^^^^^^^^^^^^^^^^^^
    )
    ^
  File "C:\code\iayos\apps\backend\venv\Lib\site-packages\django\db\models\base.py", line 1008, in save_base
    updated = self._save_table(
        raw,
    ...<4 lines>...
        update_fields,
    )
  File "C:\code\iayos\apps\backend\venv\Lib\site-packages\django\db\models\base.py", line 1169, in _save_table
    results = self._do_insert(
        cls._base_manager, using, fields, returning_fields, raw
    )
  File "C:\code\iayos\apps\backend\venv\Lib\site-packages\django\db\models\base.py", line 1210, in _do_insert
    return manager._insert(
           ~~~~~~~~~~~~~~~^
        [self],
        ^^^^^^^
    ...<3 lines>...
        raw=raw,
        ^^^^^^^^
    )
    ^
  File "C:\code\iayos\apps\backend\venv\Lib\site-packages\django\db\models\manager.py", line 87, in manager_method
    return getattr(self.get_queryset(), name)(*args, **kwargs)
           ~~~~~~~~~~~~~~~~~~~~~~~~~~~~~~~~~~^^^^^^^^^^^^^^^^^
  File "C:\code\iayos\apps\backend\venv\Lib\site-packages\django\db\models\query.py", line 1873, in _insert
    return query.get_compiler(using=using).execute_sql(returning_fields)
           ~~~~~~~~~~~~~~~~~~~~~~~~~~~~~~~~~~~~~~~~~~~^^^^^^^^^^^^^^^^^^
  File "C:\code\iayos\apps\backend\venv\Lib\site-packages\django\db\models\sql\compiler.py", line 1882, in execute_sql
    cursor.execute(sql, params)
    ~~~~~~~~~~~~~~^^^^^^^^^^^^^
  File "C:\code\iayos\apps\backend\venv\Lib\site-packages\django\db\backends\utils.py", line 79, in execute
    return self._execute_with_wrappers(
           ~~~~~~~~~~~~~~~~~~~~~~~~~~~^
        sql, params, many=False, executor=self._execute
        ^^^^^^^^^^^^^^^^^^^^^^^^^^^^^^^^^^^^^^^^^^^^^^^
    )
    ^
  File "C:\code\iayos\apps\backend\venv\Lib\site-packages\django\db\backends\utils.py", line 92, in 
_execute_with_wrappers
    return executor(sql, params, many, context)
  File "C:\code\iayos\apps\backend\venv\Lib\site-packages\django\db\backends\utils.py", line 100, in _execute
    with self.db.wrap_database_errors:
         ^^^^^^^^^^^^^^^^^^^^^^^^^^^^
  File "C:\code\iayos\apps\backend\venv\Lib\site-packages\django\db\utils.py", line 91, in __exit__
    raise dj_exc_value.with_traceback(traceback) from exc_value
  File "C:\code\iayos\apps\backend\venv\Lib\site-packages\django\db\backends\utils.py", line 105, in _execute
    return self.cursor.execute(sql, params)
           ~~~~~~~~~~~~~~~~~~~^^^^^^^^^^^^^
django.db.utils.IntegrityError: null value in column "birthDate" of relation "accounts_profile" violates not-null 
constraint
DETAIL:  Failing row contains (27, null, Test, Worker, , null, WORKER, 27, null, null, f, null, null).


======================================================================
ERROR: test_delete_portfolio_image 
(accounts.tests.test_worker_api.WorkerAPIIntegrationTestCase.test_delete_portfolio_image)
Test deleting portfolio image
----------------------------------------------------------------------
Traceback (most recent call last):
  File "C:\code\iayos\apps\backend\venv\Lib\site-packages\django\db\backends\utils.py", line 105, in _execute
    return self.cursor.execute(sql, params)
           ~~~~~~~~~~~~~~~~~~~^^^^^^^^^^^^^
psycopg2.errors.NotNullViolation: null value in column "birthDate" of relation "accounts_profile" violates not-null 
constraint
DETAIL:  Failing row contains (28, null, Test, Worker, , null, WORKER, 28, null, null, f, null, null).


The above exception was the direct cause of the following exception:

Traceback (most recent call last):
  File "C:\code\iayos\apps\backend\src\accounts\tests\test_worker_api.py", line 26, in setUp
    self.worker_profile = Profile.objects.create(
                          ~~~~~~~~~~~~~~~~~~~~~~^
        accountFK=self.worker_user,
        ^^^^^^^^^^^^^^^^^^^^^^^^^^^
    ...<2 lines>...
        profileType="WORKER"
        ^^^^^^^^^^^^^^^^^^^^
    )
    ^
  File "C:\code\iayos\apps\backend\venv\Lib\site-packages\django\db\models\manager.py", line 87, in manager_method
    return getattr(self.get_queryset(), name)(*args, **kwargs)
           ~~~~~~~~~~~~~~~~~~~~~~~~~~~~~~~~~~^^^^^^^^^^^^^^^^^
  File "C:\code\iayos\apps\backend\venv\Lib\site-packages\django\db\models\query.py", line 665, in create
    obj.save(force_insert=True, using=self.db)
    ~~~~~~~~^^^^^^^^^^^^^^^^^^^^^^^^^^^^^^^^^^
  File "C:\code\iayos\apps\backend\venv\Lib\site-packages\django\db\models\base.py", line 902, in save
    self.save_base(
    ~~~~~~~~~~~~~~^
        using=using,
        ^^^^^^^^^^^^
    ...<2 lines>...
        update_fields=update_fields,
        ^^^^^^^^^^^^^^^^^^^^^^^^^^^^
    )
    ^
  File "C:\code\iayos\apps\backend\venv\Lib\site-packages\django\db\models\base.py", line 1008, in save_base
    updated = self._save_table(
        raw,
    ...<4 lines>...
        update_fields,
    )
  File "C:\code\iayos\apps\backend\venv\Lib\site-packages\django\db\models\base.py", line 1169, in _save_table
    results = self._do_insert(
        cls._base_manager, using, fields, returning_fields, raw
    )
  File "C:\code\iayos\apps\backend\venv\Lib\site-packages\django\db\models\base.py", line 1210, in _do_insert
    return manager._insert(
           ~~~~~~~~~~~~~~~^
        [self],
        ^^^^^^^
    ...<3 lines>...
        raw=raw,
        ^^^^^^^^
    )
    ^
  File "C:\code\iayos\apps\backend\venv\Lib\site-packages\django\db\models\manager.py", line 87, in manager_method
    return getattr(self.get_queryset(), name)(*args, **kwargs)
           ~~~~~~~~~~~~~~~~~~~~~~~~~~~~~~~~~~^^^^^^^^^^^^^^^^^
  File "C:\code\iayos\apps\backend\venv\Lib\site-packages\django\db\models\query.py", line 1873, in _insert
    return query.get_compiler(using=using).execute_sql(returning_fields)
           ~~~~~~~~~~~~~~~~~~~~~~~~~~~~~~~~~~~~~~~~~~~^^^^^^^^^^^^^^^^^^
  File "C:\code\iayos\apps\backend\venv\Lib\site-packages\django\db\models\sql\compiler.py", line 1882, in execute_sql
    cursor.execute(sql, params)
    ~~~~~~~~~~~~~~^^^^^^^^^^^^^
  File "C:\code\iayos\apps\backend\venv\Lib\site-packages\django\db\backends\utils.py", line 79, in execute
    return self._execute_with_wrappers(
           ~~~~~~~~~~~~~~~~~~~~~~~~~~~^
        sql, params, many=False, executor=self._execute
        ^^^^^^^^^^^^^^^^^^^^^^^^^^^^^^^^^^^^^^^^^^^^^^^
    )
    ^
  File "C:\code\iayos\apps\backend\venv\Lib\site-packages\django\db\backends\utils.py", line 92, in 
_execute_with_wrappers
    return executor(sql, params, many, context)
  File "C:\code\iayos\apps\backend\venv\Lib\site-packages\django\db\backends\utils.py", line 100, in _execute
    with self.db.wrap_database_errors:
         ^^^^^^^^^^^^^^^^^^^^^^^^^^^^
  File "C:\code\iayos\apps\backend\venv\Lib\site-packages\django\db\utils.py", line 91, in __exit__
    raise dj_exc_value.with_traceback(traceback) from exc_value
  File "C:\code\iayos\apps\backend\venv\Lib\site-packages\django\db\backends\utils.py", line 105, in _execute
    return self.cursor.execute(sql, params)
           ~~~~~~~~~~~~~~~~~~~^^^^^^^^^^^^^
django.db.utils.IntegrityError: null value in column "birthDate" of relation "accounts_profile" violates not-null 
constraint
DETAIL:  Failing row contains (28, null, Test, Worker, , null, WORKER, 28, null, null, f, null, null).


======================================================================
ERROR: test_get_certifications_list 
(accounts.tests.test_worker_api.WorkerAPIIntegrationTestCase.test_get_certifications_list)
Test listing certifications
----------------------------------------------------------------------
Traceback (most recent call last):
  File "C:\code\iayos\apps\backend\venv\Lib\site-packages\django\db\backends\utils.py", line 105, in _execute
    return self.cursor.execute(sql, params)
           ~~~~~~~~~~~~~~~~~~~^^^^^^^^^^^^^
psycopg2.errors.NotNullViolation: null value in column "birthDate" of relation "accounts_profile" violates not-null 
constraint
DETAIL:  Failing row contains (29, null, Test, Worker, , null, WORKER, 29, null, null, f, null, null).


The above exception was the direct cause of the following exception:

Traceback (most recent call last):
  File "C:\code\iayos\apps\backend\src\accounts\tests\test_worker_api.py", line 26, in setUp
    self.worker_profile = Profile.objects.create(
                          ~~~~~~~~~~~~~~~~~~~~~~^
        accountFK=self.worker_user,
        ^^^^^^^^^^^^^^^^^^^^^^^^^^^
    ...<2 lines>...
        profileType="WORKER"
        ^^^^^^^^^^^^^^^^^^^^
    )
    ^
  File "C:\code\iayos\apps\backend\venv\Lib\site-packages\django\db\models\manager.py", line 87, in manager_method
    return getattr(self.get_queryset(), name)(*args, **kwargs)
           ~~~~~~~~~~~~~~~~~~~~~~~~~~~~~~~~~~^^^^^^^^^^^^^^^^^
  File "C:\code\iayos\apps\backend\venv\Lib\site-packages\django\db\models\query.py", line 665, in create
    obj.save(force_insert=True, using=self.db)
    ~~~~~~~~^^^^^^^^^^^^^^^^^^^^^^^^^^^^^^^^^^
  File "C:\code\iayos\apps\backend\venv\Lib\site-packages\django\db\models\base.py", line 902, in save
    self.save_base(
    ~~~~~~~~~~~~~~^
        using=using,
        ^^^^^^^^^^^^
    ...<2 lines>...
        update_fields=update_fields,
        ^^^^^^^^^^^^^^^^^^^^^^^^^^^^
    )
    ^
  File "C:\code\iayos\apps\backend\venv\Lib\site-packages\django\db\models\base.py", line 1008, in save_base
    updated = self._save_table(
        raw,
    ...<4 lines>...
        update_fields,
    )
  File "C:\code\iayos\apps\backend\venv\Lib\site-packages\django\db\models\base.py", line 1169, in _save_table
    results = self._do_insert(
        cls._base_manager, using, fields, returning_fields, raw
    )
  File "C:\code\iayos\apps\backend\venv\Lib\site-packages\django\db\models\base.py", line 1210, in _do_insert
    return manager._insert(
           ~~~~~~~~~~~~~~~^
        [self],
        ^^^^^^^
    ...<3 lines>...
        raw=raw,
        ^^^^^^^^
    )
    ^
  File "C:\code\iayos\apps\backend\venv\Lib\site-packages\django\db\models\manager.py", line 87, in manager_method
    return getattr(self.get_queryset(), name)(*args, **kwargs)
           ~~~~~~~~~~~~~~~~~~~~~~~~~~~~~~~~~~^^^^^^^^^^^^^^^^^
  File "C:\code\iayos\apps\backend\venv\Lib\site-packages\django\db\models\query.py", line 1873, in _insert
    return query.get_compiler(using=using).execute_sql(returning_fields)
           ~~~~~~~~~~~~~~~~~~~~~~~~~~~~~~~~~~~~~~~~~~~^^^^^^^^^^^^^^^^^^
  File "C:\code\iayos\apps\backend\venv\Lib\site-packages\django\db\models\sql\compiler.py", line 1882, in execute_sql
    cursor.execute(sql, params)
    ~~~~~~~~~~~~~~^^^^^^^^^^^^^
  File "C:\code\iayos\apps\backend\venv\Lib\site-packages\django\db\backends\utils.py", line 79, in execute
    return self._execute_with_wrappers(
           ~~~~~~~~~~~~~~~~~~~~~~~~~~~^
        sql, params, many=False, executor=self._execute
        ^^^^^^^^^^^^^^^^^^^^^^^^^^^^^^^^^^^^^^^^^^^^^^^
    )
    ^
  File "C:\code\iayos\apps\backend\venv\Lib\site-packages\django\db\backends\utils.py", line 92, in 
_execute_with_wrappers
    return executor(sql, params, many, context)
  File "C:\code\iayos\apps\backend\venv\Lib\site-packages\django\db\backends\utils.py", line 100, in _execute
    with self.db.wrap_database_errors:
         ^^^^^^^^^^^^^^^^^^^^^^^^^^^^
  File "C:\code\iayos\apps\backend\venv\Lib\site-packages\django\db\utils.py", line 91, in __exit__
    raise dj_exc_value.with_traceback(traceback) from exc_value
  File "C:\code\iayos\apps\backend\venv\Lib\site-packages\django\db\backends\utils.py", line 105, in _execute
    return self.cursor.execute(sql, params)
           ~~~~~~~~~~~~~~~~~~~^^^^^^^^^^^^^
django.db.utils.IntegrityError: null value in column "birthDate" of relation "accounts_profile" violates not-null 
constraint
DETAIL:  Failing row contains (29, null, Test, Worker, , null, WORKER, 29, null, null, f, null, null).


======================================================================
ERROR: test_get_portfolio_list (accounts.tests.test_worker_api.WorkerAPIIntegrationTestCase.test_get_portfolio_list)
Test listing portfolio items
----------------------------------------------------------------------
Traceback (most recent call last):
  File "C:\code\iayos\apps\backend\venv\Lib\site-packages\django\db\backends\utils.py", line 105, in _execute
    return self.cursor.execute(sql, params)
           ~~~~~~~~~~~~~~~~~~~^^^^^^^^^^^^^
psycopg2.errors.NotNullViolation: null value in column "birthDate" of relation "accounts_profile" violates not-null 
constraint
DETAIL:  Failing row contains (30, null, Test, Worker, , null, WORKER, 30, null, null, f, null, null).


The above exception was the direct cause of the following exception:

Traceback (most recent call last):
  File "C:\code\iayos\apps\backend\src\accounts\tests\test_worker_api.py", line 26, in setUp
    self.worker_profile = Profile.objects.create(
                          ~~~~~~~~~~~~~~~~~~~~~~^
        accountFK=self.worker_user,
        ^^^^^^^^^^^^^^^^^^^^^^^^^^^
    ...<2 lines>...
        profileType="WORKER"
        ^^^^^^^^^^^^^^^^^^^^
    )
    ^
  File "C:\code\iayos\apps\backend\venv\Lib\site-packages\django\db\models\manager.py", line 87, in manager_method
    return getattr(self.get_queryset(), name)(*args, **kwargs)
           ~~~~~~~~~~~~~~~~~~~~~~~~~~~~~~~~~~^^^^^^^^^^^^^^^^^
  File "C:\code\iayos\apps\backend\venv\Lib\site-packages\django\db\models\query.py", line 665, in create
    obj.save(force_insert=True, using=self.db)
    ~~~~~~~~^^^^^^^^^^^^^^^^^^^^^^^^^^^^^^^^^^
  File "C:\code\iayos\apps\backend\venv\Lib\site-packages\django\db\models\base.py", line 902, in save
    self.save_base(
    ~~~~~~~~~~~~~~^
        using=using,
        ^^^^^^^^^^^^
    ...<2 lines>...
        update_fields=update_fields,
        ^^^^^^^^^^^^^^^^^^^^^^^^^^^^
    )
    ^
  File "C:\code\iayos\apps\backend\venv\Lib\site-packages\django\db\models\base.py", line 1008, in save_base
    updated = self._save_table(
        raw,
    ...<4 lines>...
        update_fields,
    )
  File "C:\code\iayos\apps\backend\venv\Lib\site-packages\django\db\models\base.py", line 1169, in _save_table
    results = self._do_insert(
        cls._base_manager, using, fields, returning_fields, raw
    )
  File "C:\code\iayos\apps\backend\venv\Lib\site-packages\django\db\models\base.py", line 1210, in _do_insert
    return manager._insert(
           ~~~~~~~~~~~~~~~^
        [self],
        ^^^^^^^
    ...<3 lines>...
        raw=raw,
        ^^^^^^^^
    )
    ^
  File "C:\code\iayos\apps\backend\venv\Lib\site-packages\django\db\models\manager.py", line 87, in manager_method
    return getattr(self.get_queryset(), name)(*args, **kwargs)
           ~~~~~~~~~~~~~~~~~~~~~~~~~~~~~~~~~~^^^^^^^^^^^^^^^^^
  File "C:\code\iayos\apps\backend\venv\Lib\site-packages\django\db\models\query.py", line 1873, in _insert
    return query.get_compiler(using=using).execute_sql(returning_fields)
           ~~~~~~~~~~~~~~~~~~~~~~~~~~~~~~~~~~~~~~~~~~~^^^^^^^^^^^^^^^^^^
  File "C:\code\iayos\apps\backend\venv\Lib\site-packages\django\db\models\sql\compiler.py", line 1882, in execute_sql
    cursor.execute(sql, params)
    ~~~~~~~~~~~~~~^^^^^^^^^^^^^
  File "C:\code\iayos\apps\backend\venv\Lib\site-packages\django\db\backends\utils.py", line 79, in execute
    return self._execute_with_wrappers(
           ~~~~~~~~~~~~~~~~~~~~~~~~~~~^
        sql, params, many=False, executor=self._execute
        ^^^^^^^^^^^^^^^^^^^^^^^^^^^^^^^^^^^^^^^^^^^^^^^
    )
    ^
  File "C:\code\iayos\apps\backend\venv\Lib\site-packages\django\db\backends\utils.py", line 92, in 
_execute_with_wrappers
    return executor(sql, params, many, context)
  File "C:\code\iayos\apps\backend\venv\Lib\site-packages\django\db\backends\utils.py", line 100, in _execute
    with self.db.wrap_database_errors:
         ^^^^^^^^^^^^^^^^^^^^^^^^^^^^
  File "C:\code\iayos\apps\backend\venv\Lib\site-packages\django\db\utils.py", line 91, in __exit__
    raise dj_exc_value.with_traceback(traceback) from exc_value
  File "C:\code\iayos\apps\backend\venv\Lib\site-packages\django\db\backends\utils.py", line 105, in _execute
    return self.cursor.execute(sql, params)
           ~~~~~~~~~~~~~~~~~~~^^^^^^^^^^^^^
django.db.utils.IntegrityError: null value in column "birthDate" of relation "accounts_profile" violates not-null 
constraint
DETAIL:  Failing row contains (30, null, Test, Worker, , null, WORKER, 30, null, null, f, null, null).


======================================================================
ERROR: test_get_profile_completion_authenticated 
(accounts.tests.test_worker_api.WorkerAPIIntegrationTestCase.test_get_profile_completion_authenticated)
Test getting profile completion when authenticated
----------------------------------------------------------------------
Traceback (most recent call last):
  File "C:\code\iayos\apps\backend\venv\Lib\site-packages\django\db\backends\utils.py", line 105, in _execute
    return self.cursor.execute(sql, params)
           ~~~~~~~~~~~~~~~~~~~^^^^^^^^^^^^^
psycopg2.errors.NotNullViolation: null value in column "birthDate" of relation "accounts_profile" violates not-null 
constraint
DETAIL:  Failing row contains (31, null, Test, Worker, , null, WORKER, 31, null, null, f, null, null).


The above exception was the direct cause of the following exception:

Traceback (most recent call last):
  File "C:\code\iayos\apps\backend\src\accounts\tests\test_worker_api.py", line 26, in setUp
    self.worker_profile = Profile.objects.create(
                          ~~~~~~~~~~~~~~~~~~~~~~^
        accountFK=self.worker_user,
        ^^^^^^^^^^^^^^^^^^^^^^^^^^^
    ...<2 lines>...
        profileType="WORKER"
        ^^^^^^^^^^^^^^^^^^^^
    )
    ^
  File "C:\code\iayos\apps\backend\venv\Lib\site-packages\django\db\models\manager.py", line 87, in manager_method
    return getattr(self.get_queryset(), name)(*args, **kwargs)
           ~~~~~~~~~~~~~~~~~~~~~~~~~~~~~~~~~~^^^^^^^^^^^^^^^^^
  File "C:\code\iayos\apps\backend\venv\Lib\site-packages\django\db\models\query.py", line 665, in create
    obj.save(force_insert=True, using=self.db)
    ~~~~~~~~^^^^^^^^^^^^^^^^^^^^^^^^^^^^^^^^^^
  File "C:\code\iayos\apps\backend\venv\Lib\site-packages\django\db\models\base.py", line 902, in save
    self.save_base(
    ~~~~~~~~~~~~~~^
        using=using,
        ^^^^^^^^^^^^
    ...<2 lines>...
        update_fields=update_fields,
        ^^^^^^^^^^^^^^^^^^^^^^^^^^^^
    )
    ^
  File "C:\code\iayos\apps\backend\venv\Lib\site-packages\django\db\models\base.py", line 1008, in save_base
    updated = self._save_table(
        raw,
    ...<4 lines>...
        update_fields,
    )
  File "C:\code\iayos\apps\backend\venv\Lib\site-packages\django\db\models\base.py", line 1169, in _save_table
    results = self._do_insert(
        cls._base_manager, using, fields, returning_fields, raw
    )
  File "C:\code\iayos\apps\backend\venv\Lib\site-packages\django\db\models\base.py", line 1210, in _do_insert
    return manager._insert(
           ~~~~~~~~~~~~~~~^
        [self],
        ^^^^^^^
    ...<3 lines>...
        raw=raw,
        ^^^^^^^^
    )
    ^
  File "C:\code\iayos\apps\backend\venv\Lib\site-packages\django\db\models\manager.py", line 87, in manager_method
    return getattr(self.get_queryset(), name)(*args, **kwargs)
           ~~~~~~~~~~~~~~~~~~~~~~~~~~~~~~~~~~^^^^^^^^^^^^^^^^^
  File "C:\code\iayos\apps\backend\venv\Lib\site-packages\django\db\models\query.py", line 1873, in _insert
    return query.get_compiler(using=using).execute_sql(returning_fields)
           ~~~~~~~~~~~~~~~~~~~~~~~~~~~~~~~~~~~~~~~~~~~^^^^^^^^^^^^^^^^^^
  File "C:\code\iayos\apps\backend\venv\Lib\site-packages\django\db\models\sql\compiler.py", line 1882, in execute_sql
    cursor.execute(sql, params)
    ~~~~~~~~~~~~~~^^^^^^^^^^^^^
  File "C:\code\iayos\apps\backend\venv\Lib\site-packages\django\db\backends\utils.py", line 79, in execute
    return self._execute_with_wrappers(
           ~~~~~~~~~~~~~~~~~~~~~~~~~~~^
        sql, params, many=False, executor=self._execute
        ^^^^^^^^^^^^^^^^^^^^^^^^^^^^^^^^^^^^^^^^^^^^^^^
    )
    ^
  File "C:\code\iayos\apps\backend\venv\Lib\site-packages\django\db\backends\utils.py", line 92, in 
_execute_with_wrappers
    return executor(sql, params, many, context)
  File "C:\code\iayos\apps\backend\venv\Lib\site-packages\django\db\backends\utils.py", line 100, in _execute
    with self.db.wrap_database_errors:
         ^^^^^^^^^^^^^^^^^^^^^^^^^^^^
  File "C:\code\iayos\apps\backend\venv\Lib\site-packages\django\db\utils.py", line 91, in __exit__
    raise dj_exc_value.with_traceback(traceback) from exc_value
  File "C:\code\iayos\apps\backend\venv\Lib\site-packages\django\db\backends\utils.py", line 105, in _execute
    return self.cursor.execute(sql, params)
           ~~~~~~~~~~~~~~~~~~~^^^^^^^^^^^^^
django.db.utils.IntegrityError: null value in column "birthDate" of relation "accounts_profile" violates not-null 
constraint
DETAIL:  Failing row contains (31, null, Test, Worker, , null, WORKER, 31, null, null, f, null, null).


======================================================================
ERROR: test_profile_completion_updates_on_changes 
(accounts.tests.test_worker_api.WorkerAPIIntegrationTestCase.test_profile_completion_updates_on_changes)
Test that profile completion percentage updates after changes
----------------------------------------------------------------------
Traceback (most recent call last):
  File "C:\code\iayos\apps\backend\venv\Lib\site-packages\django\db\backends\utils.py", line 105, in _execute
    return self.cursor.execute(sql, params)
           ~~~~~~~~~~~~~~~~~~~^^^^^^^^^^^^^
psycopg2.errors.NotNullViolation: null value in column "birthDate" of relation "accounts_profile" violates not-null 
constraint
DETAIL:  Failing row contains (32, null, Test, Worker, , null, WORKER, 32, null, null, f, null, null).


The above exception was the direct cause of the following exception:

Traceback (most recent call last):
  File "C:\code\iayos\apps\backend\src\accounts\tests\test_worker_api.py", line 26, in setUp
    self.worker_profile = Profile.objects.create(
                          ~~~~~~~~~~~~~~~~~~~~~~^
        accountFK=self.worker_user,
        ^^^^^^^^^^^^^^^^^^^^^^^^^^^
    ...<2 lines>...
        profileType="WORKER"
        ^^^^^^^^^^^^^^^^^^^^
    )
    ^
  File "C:\code\iayos\apps\backend\venv\Lib\site-packages\django\db\models\manager.py", line 87, in manager_method
    return getattr(self.get_queryset(), name)(*args, **kwargs)
           ~~~~~~~~~~~~~~~~~~~~~~~~~~~~~~~~~~^^^^^^^^^^^^^^^^^
  File "C:\code\iayos\apps\backend\venv\Lib\site-packages\django\db\models\query.py", line 665, in create
    obj.save(force_insert=True, using=self.db)
    ~~~~~~~~^^^^^^^^^^^^^^^^^^^^^^^^^^^^^^^^^^
  File "C:\code\iayos\apps\backend\venv\Lib\site-packages\django\db\models\base.py", line 902, in save
    self.save_base(
    ~~~~~~~~~~~~~~^
        using=using,
        ^^^^^^^^^^^^
    ...<2 lines>...
        update_fields=update_fields,
        ^^^^^^^^^^^^^^^^^^^^^^^^^^^^
    )
    ^
  File "C:\code\iayos\apps\backend\venv\Lib\site-packages\django\db\models\base.py", line 1008, in save_base
    updated = self._save_table(
        raw,
    ...<4 lines>...
        update_fields,
    )
  File "C:\code\iayos\apps\backend\venv\Lib\site-packages\django\db\models\base.py", line 1169, in _save_table
    results = self._do_insert(
        cls._base_manager, using, fields, returning_fields, raw
    )
  File "C:\code\iayos\apps\backend\venv\Lib\site-packages\django\db\models\base.py", line 1210, in _do_insert
    return manager._insert(
           ~~~~~~~~~~~~~~~^
        [self],
        ^^^^^^^
    ...<3 lines>...
        raw=raw,
        ^^^^^^^^
    )
    ^
  File "C:\code\iayos\apps\backend\venv\Lib\site-packages\django\db\models\manager.py", line 87, in manager_method
    return getattr(self.get_queryset(), name)(*args, **kwargs)
           ~~~~~~~~~~~~~~~~~~~~~~~~~~~~~~~~~~^^^^^^^^^^^^^^^^^
  File "C:\code\iayos\apps\backend\venv\Lib\site-packages\django\db\models\query.py", line 1873, in _insert
    return query.get_compiler(using=using).execute_sql(returning_fields)
           ~~~~~~~~~~~~~~~~~~~~~~~~~~~~~~~~~~~~~~~~~~~^^^^^^^^^^^^^^^^^^
  File "C:\code\iayos\apps\backend\venv\Lib\site-packages\django\db\models\sql\compiler.py", line 1882, in execute_sql
    cursor.execute(sql, params)
    ~~~~~~~~~~~~~~^^^^^^^^^^^^^
  File "C:\code\iayos\apps\backend\venv\Lib\site-packages\django\db\backends\utils.py", line 79, in execute
    return self._execute_with_wrappers(
           ~~~~~~~~~~~~~~~~~~~~~~~~~~~^
        sql, params, many=False, executor=self._execute
        ^^^^^^^^^^^^^^^^^^^^^^^^^^^^^^^^^^^^^^^^^^^^^^^
    )
    ^
  File "C:\code\iayos\apps\backend\venv\Lib\site-packages\django\db\backends\utils.py", line 92, in 
_execute_with_wrappers
    return executor(sql, params, many, context)
  File "C:\code\iayos\apps\backend\venv\Lib\site-packages\django\db\backends\utils.py", line 100, in _execute
    with self.db.wrap_database_errors:
         ^^^^^^^^^^^^^^^^^^^^^^^^^^^^
  File "C:\code\iayos\apps\backend\venv\Lib\site-packages\django\db\utils.py", line 91, in __exit__
    raise dj_exc_value.with_traceback(traceback) from exc_value
  File "C:\code\iayos\apps\backend\venv\Lib\site-packages\django\db\backends\utils.py", line 105, in _execute
    return self.cursor.execute(sql, params)
           ~~~~~~~~~~~~~~~~~~~^^^^^^^^^^^^^
django.db.utils.IntegrityError: null value in column "birthDate" of relation "accounts_profile" violates not-null 
constraint
DETAIL:  Failing row contains (32, null, Test, Worker, , null, WORKER, 32, null, null, f, null, null).


======================================================================
ERROR: test_reorder_portfolio_invalid_order 
(accounts.tests.test_worker_api.WorkerAPIIntegrationTestCase.test_reorder_portfolio_invalid_order)
Test reordering with invalid IDs
----------------------------------------------------------------------
Traceback (most recent call last):
  File "C:\code\iayos\apps\backend\venv\Lib\site-packages\django\db\backends\utils.py", line 105, in _execute
    return self.cursor.execute(sql, params)
           ~~~~~~~~~~~~~~~~~~~^^^^^^^^^^^^^
psycopg2.errors.NotNullViolation: null value in column "birthDate" of relation "accounts_profile" violates not-null 
constraint
DETAIL:  Failing row contains (33, null, Test, Worker, , null, WORKER, 33, null, null, f, null, null).


The above exception was the direct cause of the following exception:

Traceback (most recent call last):
  File "C:\code\iayos\apps\backend\src\accounts\tests\test_worker_api.py", line 26, in setUp
    self.worker_profile = Profile.objects.create(
                          ~~~~~~~~~~~~~~~~~~~~~~^
        accountFK=self.worker_user,
        ^^^^^^^^^^^^^^^^^^^^^^^^^^^
    ...<2 lines>...
        profileType="WORKER"
        ^^^^^^^^^^^^^^^^^^^^
    )
    ^
  File "C:\code\iayos\apps\backend\venv\Lib\site-packages\django\db\models\manager.py", line 87, in manager_method
    return getattr(self.get_queryset(), name)(*args, **kwargs)
           ~~~~~~~~~~~~~~~~~~~~~~~~~~~~~~~~~~^^^^^^^^^^^^^^^^^
  File "C:\code\iayos\apps\backend\venv\Lib\site-packages\django\db\models\query.py", line 665, in create
    obj.save(force_insert=True, using=self.db)
    ~~~~~~~~^^^^^^^^^^^^^^^^^^^^^^^^^^^^^^^^^^
  File "C:\code\iayos\apps\backend\venv\Lib\site-packages\django\db\models\base.py", line 902, in save
    self.save_base(
    ~~~~~~~~~~~~~~^
        using=using,
        ^^^^^^^^^^^^
    ...<2 lines>...
        update_fields=update_fields,
        ^^^^^^^^^^^^^^^^^^^^^^^^^^^^
    )
    ^
  File "C:\code\iayos\apps\backend\venv\Lib\site-packages\django\db\models\base.py", line 1008, in save_base
    updated = self._save_table(
        raw,
    ...<4 lines>...
        update_fields,
    )
  File "C:\code\iayos\apps\backend\venv\Lib\site-packages\django\db\models\base.py", line 1169, in _save_table
    results = self._do_insert(
        cls._base_manager, using, fields, returning_fields, raw
    )
  File "C:\code\iayos\apps\backend\venv\Lib\site-packages\django\db\models\base.py", line 1210, in _do_insert
    return manager._insert(
           ~~~~~~~~~~~~~~~^
        [self],
        ^^^^^^^
    ...<3 lines>...
        raw=raw,
        ^^^^^^^^
    )
    ^
  File "C:\code\iayos\apps\backend\venv\Lib\site-packages\django\db\models\manager.py", line 87, in manager_method
    return getattr(self.get_queryset(), name)(*args, **kwargs)
           ~~~~~~~~~~~~~~~~~~~~~~~~~~~~~~~~~~^^^^^^^^^^^^^^^^^
  File "C:\code\iayos\apps\backend\venv\Lib\site-packages\django\db\models\query.py", line 1873, in _insert
    return query.get_compiler(using=using).execute_sql(returning_fields)
           ~~~~~~~~~~~~~~~~~~~~~~~~~~~~~~~~~~~~~~~~~~~^^^^^^^^^^^^^^^^^^
  File "C:\code\iayos\apps\backend\venv\Lib\site-packages\django\db\models\sql\compiler.py", line 1882, in execute_sql
    cursor.execute(sql, params)
    ~~~~~~~~~~~~~~^^^^^^^^^^^^^
  File "C:\code\iayos\apps\backend\venv\Lib\site-packages\django\db\backends\utils.py", line 79, in execute
    return self._execute_with_wrappers(
           ~~~~~~~~~~~~~~~~~~~~~~~~~~~^
        sql, params, many=False, executor=self._execute
        ^^^^^^^^^^^^^^^^^^^^^^^^^^^^^^^^^^^^^^^^^^^^^^^
    )
    ^
  File "C:\code\iayos\apps\backend\venv\Lib\site-packages\django\db\backends\utils.py", line 92, in 
_execute_with_wrappers
    return executor(sql, params, many, context)
  File "C:\code\iayos\apps\backend\venv\Lib\site-packages\django\db\backends\utils.py", line 100, in _execute
    with self.db.wrap_database_errors:
         ^^^^^^^^^^^^^^^^^^^^^^^^^^^^
  File "C:\code\iayos\apps\backend\venv\Lib\site-packages\django\db\utils.py", line 91, in __exit__
    raise dj_exc_value.with_traceback(traceback) from exc_value
  File "C:\code\iayos\apps\backend\venv\Lib\site-packages\django\db\backends\utils.py", line 105, in _execute
    return self.cursor.execute(sql, params)
           ~~~~~~~~~~~~~~~~~~~^^^^^^^^^^^^^
django.db.utils.IntegrityError: null value in column "birthDate" of relation "accounts_profile" violates not-null 
constraint
DETAIL:  Failing row contains (33, null, Test, Worker, , null, WORKER, 33, null, null, f, null, null).


======================================================================
ERROR: test_reorder_portfolio_success 
(accounts.tests.test_worker_api.WorkerAPIIntegrationTestCase.test_reorder_portfolio_success)
Test reordering portfolio items
----------------------------------------------------------------------
Traceback (most recent call last):
  File "C:\code\iayos\apps\backend\venv\Lib\site-packages\django\db\backends\utils.py", line 105, in _execute
    return self.cursor.execute(sql, params)
           ~~~~~~~~~~~~~~~~~~~^^^^^^^^^^^^^
psycopg2.errors.NotNullViolation: null value in column "birthDate" of relation "accounts_profile" violates not-null 
constraint
DETAIL:  Failing row contains (34, null, Test, Worker, , null, WORKER, 34, null, null, f, null, null).


The above exception was the direct cause of the following exception:

Traceback (most recent call last):
  File "C:\code\iayos\apps\backend\src\accounts\tests\test_worker_api.py", line 26, in setUp
    self.worker_profile = Profile.objects.create(
                          ~~~~~~~~~~~~~~~~~~~~~~^
        accountFK=self.worker_user,
        ^^^^^^^^^^^^^^^^^^^^^^^^^^^
    ...<2 lines>...
        profileType="WORKER"
        ^^^^^^^^^^^^^^^^^^^^
    )
    ^
  File "C:\code\iayos\apps\backend\venv\Lib\site-packages\django\db\models\manager.py", line 87, in manager_method
    return getattr(self.get_queryset(), name)(*args, **kwargs)
           ~~~~~~~~~~~~~~~~~~~~~~~~~~~~~~~~~~^^^^^^^^^^^^^^^^^
  File "C:\code\iayos\apps\backend\venv\Lib\site-packages\django\db\models\query.py", line 665, in create
    obj.save(force_insert=True, using=self.db)
    ~~~~~~~~^^^^^^^^^^^^^^^^^^^^^^^^^^^^^^^^^^
  File "C:\code\iayos\apps\backend\venv\Lib\site-packages\django\db\models\base.py", line 902, in save
    self.save_base(
    ~~~~~~~~~~~~~~^
        using=using,
        ^^^^^^^^^^^^
    ...<2 lines>...
        update_fields=update_fields,
        ^^^^^^^^^^^^^^^^^^^^^^^^^^^^
    )
    ^
  File "C:\code\iayos\apps\backend\venv\Lib\site-packages\django\db\models\base.py", line 1008, in save_base
    updated = self._save_table(
        raw,
    ...<4 lines>...
        update_fields,
    )
  File "C:\code\iayos\apps\backend\venv\Lib\site-packages\django\db\models\base.py", line 1169, in _save_table
    results = self._do_insert(
        cls._base_manager, using, fields, returning_fields, raw
    )
  File "C:\code\iayos\apps\backend\venv\Lib\site-packages\django\db\models\base.py", line 1210, in _do_insert
    return manager._insert(
           ~~~~~~~~~~~~~~~^
        [self],
        ^^^^^^^
    ...<3 lines>...
        raw=raw,
        ^^^^^^^^
    )
    ^
  File "C:\code\iayos\apps\backend\venv\Lib\site-packages\django\db\models\manager.py", line 87, in manager_method
    return getattr(self.get_queryset(), name)(*args, **kwargs)
           ~~~~~~~~~~~~~~~~~~~~~~~~~~~~~~~~~~^^^^^^^^^^^^^^^^^
  File "C:\code\iayos\apps\backend\venv\Lib\site-packages\django\db\models\query.py", line 1873, in _insert
    return query.get_compiler(using=using).execute_sql(returning_fields)
           ~~~~~~~~~~~~~~~~~~~~~~~~~~~~~~~~~~~~~~~~~~~^^^^^^^^^^^^^^^^^^
  File "C:\code\iayos\apps\backend\venv\Lib\site-packages\django\db\models\sql\compiler.py", line 1882, in execute_sql
    cursor.execute(sql, params)
    ~~~~~~~~~~~~~~^^^^^^^^^^^^^
  File "C:\code\iayos\apps\backend\venv\Lib\site-packages\django\db\backends\utils.py", line 79, in execute
    return self._execute_with_wrappers(
           ~~~~~~~~~~~~~~~~~~~~~~~~~~~^
        sql, params, many=False, executor=self._execute
        ^^^^^^^^^^^^^^^^^^^^^^^^^^^^^^^^^^^^^^^^^^^^^^^
    )
    ^
  File "C:\code\iayos\apps\backend\venv\Lib\site-packages\django\db\backends\utils.py", line 92, in 
_execute_with_wrappers
    return executor(sql, params, many, context)
  File "C:\code\iayos\apps\backend\venv\Lib\site-packages\django\db\backends\utils.py", line 100, in _execute
    with self.db.wrap_database_errors:
         ^^^^^^^^^^^^^^^^^^^^^^^^^^^^
  File "C:\code\iayos\apps\backend\venv\Lib\site-packages\django\db\utils.py", line 91, in __exit__
    raise dj_exc_value.with_traceback(traceback) from exc_value
  File "C:\code\iayos\apps\backend\venv\Lib\site-packages\django\db\backends\utils.py", line 105, in _execute
    return self.cursor.execute(sql, params)
           ~~~~~~~~~~~~~~~~~~~^^^^^^^^^^^^^
django.db.utils.IntegrityError: null value in column "birthDate" of relation "accounts_profile" violates not-null 
constraint
DETAIL:  Failing row contains (34, null, Test, Worker, , null, WORKER, 34, null, null, f, null, null).


======================================================================
ERROR: test_update_certification_not_owner 
(accounts.tests.test_worker_api.WorkerAPIIntegrationTestCase.test_update_certification_not_owner)
Test that user cannot update another user's certification
----------------------------------------------------------------------
Traceback (most recent call last):
  File "C:\code\iayos\apps\backend\venv\Lib\site-packages\django\db\backends\utils.py", line 105, in _execute
    return self.cursor.execute(sql, params)
           ~~~~~~~~~~~~~~~~~~~^^^^^^^^^^^^^
psycopg2.errors.NotNullViolation: null value in column "birthDate" of relation "accounts_profile" violates not-null 
constraint
DETAIL:  Failing row contains (35, null, Test, Worker, , null, WORKER, 35, null, null, f, null, null).


The above exception was the direct cause of the following exception:

Traceback (most recent call last):
  File "C:\code\iayos\apps\backend\src\accounts\tests\test_worker_api.py", line 26, in setUp
    self.worker_profile = Profile.objects.create(
                          ~~~~~~~~~~~~~~~~~~~~~~^
        accountFK=self.worker_user,
        ^^^^^^^^^^^^^^^^^^^^^^^^^^^
    ...<2 lines>...
        profileType="WORKER"
        ^^^^^^^^^^^^^^^^^^^^
    )
    ^
  File "C:\code\iayos\apps\backend\venv\Lib\site-packages\django\db\models\manager.py", line 87, in manager_method
    return getattr(self.get_queryset(), name)(*args, **kwargs)
           ~~~~~~~~~~~~~~~~~~~~~~~~~~~~~~~~~~^^^^^^^^^^^^^^^^^
  File "C:\code\iayos\apps\backend\venv\Lib\site-packages\django\db\models\query.py", line 665, in create
    obj.save(force_insert=True, using=self.db)
    ~~~~~~~~^^^^^^^^^^^^^^^^^^^^^^^^^^^^^^^^^^
  File "C:\code\iayos\apps\backend\venv\Lib\site-packages\django\db\models\base.py", line 902, in save
    self.save_base(
    ~~~~~~~~~~~~~~^
        using=using,
        ^^^^^^^^^^^^
    ...<2 lines>...
        update_fields=update_fields,
        ^^^^^^^^^^^^^^^^^^^^^^^^^^^^
    )
    ^
  File "C:\code\iayos\apps\backend\venv\Lib\site-packages\django\db\models\base.py", line 1008, in save_base
    updated = self._save_table(
        raw,
    ...<4 lines>...
        update_fields,
    )
  File "C:\code\iayos\apps\backend\venv\Lib\site-packages\django\db\models\base.py", line 1169, in _save_table
    results = self._do_insert(
        cls._base_manager, using, fields, returning_fields, raw
    )
  File "C:\code\iayos\apps\backend\venv\Lib\site-packages\django\db\models\base.py", line 1210, in _do_insert
    return manager._insert(
           ~~~~~~~~~~~~~~~^
        [self],
        ^^^^^^^
    ...<3 lines>...
        raw=raw,
        ^^^^^^^^
    )
    ^
  File "C:\code\iayos\apps\backend\venv\Lib\site-packages\django\db\models\manager.py", line 87, in manager_method
    return getattr(self.get_queryset(), name)(*args, **kwargs)
           ~~~~~~~~~~~~~~~~~~~~~~~~~~~~~~~~~~^^^^^^^^^^^^^^^^^
  File "C:\code\iayos\apps\backend\venv\Lib\site-packages\django\db\models\query.py", line 1873, in _insert
    return query.get_compiler(using=using).execute_sql(returning_fields)
           ~~~~~~~~~~~~~~~~~~~~~~~~~~~~~~~~~~~~~~~~~~~^^^^^^^^^^^^^^^^^^
  File "C:\code\iayos\apps\backend\venv\Lib\site-packages\django\db\models\sql\compiler.py", line 1882, in execute_sql
    cursor.execute(sql, params)
    ~~~~~~~~~~~~~~^^^^^^^^^^^^^
  File "C:\code\iayos\apps\backend\venv\Lib\site-packages\django\db\backends\utils.py", line 79, in execute
    return self._execute_with_wrappers(
           ~~~~~~~~~~~~~~~~~~~~~~~~~~~^
        sql, params, many=False, executor=self._execute
        ^^^^^^^^^^^^^^^^^^^^^^^^^^^^^^^^^^^^^^^^^^^^^^^
    )
    ^
  File "C:\code\iayos\apps\backend\venv\Lib\site-packages\django\db\backends\utils.py", line 92, in 
_execute_with_wrappers
    return executor(sql, params, many, context)
  File "C:\code\iayos\apps\backend\venv\Lib\site-packages\django\db\backends\utils.py", line 100, in _execute
    with self.db.wrap_database_errors:
         ^^^^^^^^^^^^^^^^^^^^^^^^^^^^
  File "C:\code\iayos\apps\backend\venv\Lib\site-packages\django\db\utils.py", line 91, in __exit__
    raise dj_exc_value.with_traceback(traceback) from exc_value
  File "C:\code\iayos\apps\backend\venv\Lib\site-packages\django\db\backends\utils.py", line 105, in _execute
    return self.cursor.execute(sql, params)
           ~~~~~~~~~~~~~~~~~~~^^^^^^^^^^^^^
django.db.utils.IntegrityError: null value in column "birthDate" of relation "accounts_profile" violates not-null 
constraint
DETAIL:  Failing row contains (35, null, Test, Worker, , null, WORKER, 35, null, null, f, null, null).


======================================================================
ERROR: test_update_certification_success 
(accounts.tests.test_worker_api.WorkerAPIIntegrationTestCase.test_update_certification_success)
Test updating certification
----------------------------------------------------------------------
Traceback (most recent call last):
  File "C:\code\iayos\apps\backend\venv\Lib\site-packages\django\db\backends\utils.py", line 105, in _execute
    return self.cursor.execute(sql, params)
           ~~~~~~~~~~~~~~~~~~~^^^^^^^^^^^^^
psycopg2.errors.NotNullViolation: null value in column "birthDate" of relation "accounts_profile" violates not-null 
constraint
DETAIL:  Failing row contains (36, null, Test, Worker, , null, WORKER, 36, null, null, f, null, null).


The above exception was the direct cause of the following exception:

Traceback (most recent call last):
  File "C:\code\iayos\apps\backend\src\accounts\tests\test_worker_api.py", line 26, in setUp
    self.worker_profile = Profile.objects.create(
                          ~~~~~~~~~~~~~~~~~~~~~~^
        accountFK=self.worker_user,
        ^^^^^^^^^^^^^^^^^^^^^^^^^^^
    ...<2 lines>...
        profileType="WORKER"
        ^^^^^^^^^^^^^^^^^^^^
    )
    ^
  File "C:\code\iayos\apps\backend\venv\Lib\site-packages\django\db\models\manager.py", line 87, in manager_method
    return getattr(self.get_queryset(), name)(*args, **kwargs)
           ~~~~~~~~~~~~~~~~~~~~~~~~~~~~~~~~~~^^^^^^^^^^^^^^^^^
  File "C:\code\iayos\apps\backend\venv\Lib\site-packages\django\db\models\query.py", line 665, in create
    obj.save(force_insert=True, using=self.db)
    ~~~~~~~~^^^^^^^^^^^^^^^^^^^^^^^^^^^^^^^^^^
  File "C:\code\iayos\apps\backend\venv\Lib\site-packages\django\db\models\base.py", line 902, in save
    self.save_base(
    ~~~~~~~~~~~~~~^
        using=using,
        ^^^^^^^^^^^^
    ...<2 lines>...
        update_fields=update_fields,
        ^^^^^^^^^^^^^^^^^^^^^^^^^^^^
    )
    ^
  File "C:\code\iayos\apps\backend\venv\Lib\site-packages\django\db\models\base.py", line 1008, in save_base
    updated = self._save_table(
        raw,
    ...<4 lines>...
        update_fields,
    )
  File "C:\code\iayos\apps\backend\venv\Lib\site-packages\django\db\models\base.py", line 1169, in _save_table
    results = self._do_insert(
        cls._base_manager, using, fields, returning_fields, raw
    )
  File "C:\code\iayos\apps\backend\venv\Lib\site-packages\django\db\models\base.py", line 1210, in _do_insert
    return manager._insert(
           ~~~~~~~~~~~~~~~^
        [self],
        ^^^^^^^
    ...<3 lines>...
        raw=raw,
        ^^^^^^^^
    )
    ^
  File "C:\code\iayos\apps\backend\venv\Lib\site-packages\django\db\models\manager.py", line 87, in manager_method
    return getattr(self.get_queryset(), name)(*args, **kwargs)
           ~~~~~~~~~~~~~~~~~~~~~~~~~~~~~~~~~~^^^^^^^^^^^^^^^^^
  File "C:\code\iayos\apps\backend\venv\Lib\site-packages\django\db\models\query.py", line 1873, in _insert
    return query.get_compiler(using=using).execute_sql(returning_fields)
           ~~~~~~~~~~~~~~~~~~~~~~~~~~~~~~~~~~~~~~~~~~~^^^^^^^^^^^^^^^^^^
  File "C:\code\iayos\apps\backend\venv\Lib\site-packages\django\db\models\sql\compiler.py", line 1882, in execute_sql
    cursor.execute(sql, params)
    ~~~~~~~~~~~~~~^^^^^^^^^^^^^
  File "C:\code\iayos\apps\backend\venv\Lib\site-packages\django\db\backends\utils.py", line 79, in execute
    return self._execute_with_wrappers(
           ~~~~~~~~~~~~~~~~~~~~~~~~~~~^
        sql, params, many=False, executor=self._execute
        ^^^^^^^^^^^^^^^^^^^^^^^^^^^^^^^^^^^^^^^^^^^^^^^
    )
    ^
  File "C:\code\iayos\apps\backend\venv\Lib\site-packages\django\db\backends\utils.py", line 92, in 
_execute_with_wrappers
    return executor(sql, params, many, context)
  File "C:\code\iayos\apps\backend\venv\Lib\site-packages\django\db\backends\utils.py", line 100, in _execute
    with self.db.wrap_database_errors:
         ^^^^^^^^^^^^^^^^^^^^^^^^^^^^
  File "C:\code\iayos\apps\backend\venv\Lib\site-packages\django\db\utils.py", line 91, in __exit__
    raise dj_exc_value.with_traceback(traceback) from exc_value
  File "C:\code\iayos\apps\backend\venv\Lib\site-packages\django\db\backends\utils.py", line 105, in _execute
    return self.cursor.execute(sql, params)
           ~~~~~~~~~~~~~~~~~~~^^^^^^^^^^^^^
django.db.utils.IntegrityError: null value in column "birthDate" of relation "accounts_profile" violates not-null 
constraint
DETAIL:  Failing row contains (36, null, Test, Worker, , null, WORKER, 36, null, null, f, null, null).


======================================================================
ERROR: test_update_portfolio_caption 
(accounts.tests.test_worker_api.WorkerAPIIntegrationTestCase.test_update_portfolio_caption)
Test updating portfolio caption
----------------------------------------------------------------------
Traceback (most recent call last):
  File "C:\code\iayos\apps\backend\venv\Lib\site-packages\django\db\backends\utils.py", line 105, in _execute
    return self.cursor.execute(sql, params)
           ~~~~~~~~~~~~~~~~~~~^^^^^^^^^^^^^
psycopg2.errors.NotNullViolation: null value in column "birthDate" of relation "accounts_profile" violates not-null 
constraint
DETAIL:  Failing row contains (37, null, Test, Worker, , null, WORKER, 37, null, null, f, null, null).


The above exception was the direct cause of the following exception:

Traceback (most recent call last):
  File "C:\code\iayos\apps\backend\src\accounts\tests\test_worker_api.py", line 26, in setUp
    self.worker_profile = Profile.objects.create(
                          ~~~~~~~~~~~~~~~~~~~~~~^
        accountFK=self.worker_user,
        ^^^^^^^^^^^^^^^^^^^^^^^^^^^
    ...<2 lines>...
        profileType="WORKER"
        ^^^^^^^^^^^^^^^^^^^^
    )
    ^
  File "C:\code\iayos\apps\backend\venv\Lib\site-packages\django\db\models\manager.py", line 87, in manager_method
    return getattr(self.get_queryset(), name)(*args, **kwargs)
           ~~~~~~~~~~~~~~~~~~~~~~~~~~~~~~~~~~^^^^^^^^^^^^^^^^^
  File "C:\code\iayos\apps\backend\venv\Lib\site-packages\django\db\models\query.py", line 665, in create
    obj.save(force_insert=True, using=self.db)
    ~~~~~~~~^^^^^^^^^^^^^^^^^^^^^^^^^^^^^^^^^^
  File "C:\code\iayos\apps\backend\venv\Lib\site-packages\django\db\models\base.py", line 902, in save
    self.save_base(
    ~~~~~~~~~~~~~~^
        using=using,
        ^^^^^^^^^^^^
    ...<2 lines>...
        update_fields=update_fields,
        ^^^^^^^^^^^^^^^^^^^^^^^^^^^^
    )
    ^
  File "C:\code\iayos\apps\backend\venv\Lib\site-packages\django\db\models\base.py", line 1008, in save_base
    updated = self._save_table(
        raw,
    ...<4 lines>...
        update_fields,
    )
  File "C:\code\iayos\apps\backend\venv\Lib\site-packages\django\db\models\base.py", line 1169, in _save_table
    results = self._do_insert(
        cls._base_manager, using, fields, returning_fields, raw
    )
  File "C:\code\iayos\apps\backend\venv\Lib\site-packages\django\db\models\base.py", line 1210, in _do_insert
    return manager._insert(
           ~~~~~~~~~~~~~~~^
        [self],
        ^^^^^^^
    ...<3 lines>...
        raw=raw,
        ^^^^^^^^
    )
    ^
  File "C:\code\iayos\apps\backend\venv\Lib\site-packages\django\db\models\manager.py", line 87, in manager_method
    return getattr(self.get_queryset(), name)(*args, **kwargs)
           ~~~~~~~~~~~~~~~~~~~~~~~~~~~~~~~~~~^^^^^^^^^^^^^^^^^
  File "C:\code\iayos\apps\backend\venv\Lib\site-packages\django\db\models\query.py", line 1873, in _insert
    return query.get_compiler(using=using).execute_sql(returning_fields)
           ~~~~~~~~~~~~~~~~~~~~~~~~~~~~~~~~~~~~~~~~~~~^^^^^^^^^^^^^^^^^^
  File "C:\code\iayos\apps\backend\venv\Lib\site-packages\django\db\models\sql\compiler.py", line 1882, in execute_sql
    cursor.execute(sql, params)
    ~~~~~~~~~~~~~~^^^^^^^^^^^^^
  File "C:\code\iayos\apps\backend\venv\Lib\site-packages\django\db\backends\utils.py", line 79, in execute
    return self._execute_with_wrappers(
           ~~~~~~~~~~~~~~~~~~~~~~~~~~~^
        sql, params, many=False, executor=self._execute
        ^^^^^^^^^^^^^^^^^^^^^^^^^^^^^^^^^^^^^^^^^^^^^^^
    )
    ^
  File "C:\code\iayos\apps\backend\venv\Lib\site-packages\django\db\backends\utils.py", line 92, in 
_execute_with_wrappers
    return executor(sql, params, many, context)
  File "C:\code\iayos\apps\backend\venv\Lib\site-packages\django\db\backends\utils.py", line 100, in _execute
    with self.db.wrap_database_errors:
         ^^^^^^^^^^^^^^^^^^^^^^^^^^^^
  File "C:\code\iayos\apps\backend\venv\Lib\site-packages\django\db\utils.py", line 91, in __exit__
    raise dj_exc_value.with_traceback(traceback) from exc_value
  File "C:\code\iayos\apps\backend\venv\Lib\site-packages\django\db\backends\utils.py", line 105, in _execute
    return self.cursor.execute(sql, params)
           ~~~~~~~~~~~~~~~~~~~^^^^^^^^^^^^^
django.db.utils.IntegrityError: null value in column "birthDate" of relation "accounts_profile" violates not-null 
constraint
DETAIL:  Failing row contains (37, null, Test, Worker, , null, WORKER, 37, null, null, f, null, null).


======================================================================
ERROR: test_update_worker_profile_authenticated 
(accounts.tests.test_worker_api.WorkerAPIIntegrationTestCase.test_update_worker_profile_authenticated)
Test updating worker profile when authenticated
----------------------------------------------------------------------
Traceback (most recent call last):
  File "C:\code\iayos\apps\backend\venv\Lib\site-packages\django\db\backends\utils.py", line 105, in _execute
    return self.cursor.execute(sql, params)
           ~~~~~~~~~~~~~~~~~~~^^^^^^^^^^^^^
psycopg2.errors.NotNullViolation: null value in column "birthDate" of relation "accounts_profile" violates not-null 
constraint
DETAIL:  Failing row contains (38, null, Test, Worker, , null, WORKER, 38, null, null, f, null, null).


The above exception was the direct cause of the following exception:

Traceback (most recent call last):
  File "C:\code\iayos\apps\backend\src\accounts\tests\test_worker_api.py", line 26, in setUp
    self.worker_profile = Profile.objects.create(
                          ~~~~~~~~~~~~~~~~~~~~~~^
        accountFK=self.worker_user,
        ^^^^^^^^^^^^^^^^^^^^^^^^^^^
    ...<2 lines>...
        profileType="WORKER"
        ^^^^^^^^^^^^^^^^^^^^
    )
    ^
  File "C:\code\iayos\apps\backend\venv\Lib\site-packages\django\db\models\manager.py", line 87, in manager_method
    return getattr(self.get_queryset(), name)(*args, **kwargs)
           ~~~~~~~~~~~~~~~~~~~~~~~~~~~~~~~~~~^^^^^^^^^^^^^^^^^
  File "C:\code\iayos\apps\backend\venv\Lib\site-packages\django\db\models\query.py", line 665, in create
    obj.save(force_insert=True, using=self.db)
    ~~~~~~~~^^^^^^^^^^^^^^^^^^^^^^^^^^^^^^^^^^
  File "C:\code\iayos\apps\backend\venv\Lib\site-packages\django\db\models\base.py", line 902, in save
    self.save_base(
    ~~~~~~~~~~~~~~^
        using=using,
        ^^^^^^^^^^^^
    ...<2 lines>...
        update_fields=update_fields,
        ^^^^^^^^^^^^^^^^^^^^^^^^^^^^
    )
    ^
  File "C:\code\iayos\apps\backend\venv\Lib\site-packages\django\db\models\base.py", line 1008, in save_base
    updated = self._save_table(
        raw,
    ...<4 lines>...
        update_fields,
    )
  File "C:\code\iayos\apps\backend\venv\Lib\site-packages\django\db\models\base.py", line 1169, in _save_table
    results = self._do_insert(
        cls._base_manager, using, fields, returning_fields, raw
    )
  File "C:\code\iayos\apps\backend\venv\Lib\site-packages\django\db\models\base.py", line 1210, in _do_insert
    return manager._insert(
           ~~~~~~~~~~~~~~~^
        [self],
        ^^^^^^^
    ...<3 lines>...
        raw=raw,
        ^^^^^^^^
    )
    ^
  File "C:\code\iayos\apps\backend\venv\Lib\site-packages\django\db\models\manager.py", line 87, in manager_method
    return getattr(self.get_queryset(), name)(*args, **kwargs)
           ~~~~~~~~~~~~~~~~~~~~~~~~~~~~~~~~~~^^^^^^^^^^^^^^^^^
  File "C:\code\iayos\apps\backend\venv\Lib\site-packages\django\db\models\query.py", line 1873, in _insert
    return query.get_compiler(using=using).execute_sql(returning_fields)
           ~~~~~~~~~~~~~~~~~~~~~~~~~~~~~~~~~~~~~~~~~~~^^^^^^^^^^^^^^^^^^
  File "C:\code\iayos\apps\backend\venv\Lib\site-packages\django\db\models\sql\compiler.py", line 1882, in execute_sql
    cursor.execute(sql, params)
    ~~~~~~~~~~~~~~^^^^^^^^^^^^^
  File "C:\code\iayos\apps\backend\venv\Lib\site-packages\django\db\backends\utils.py", line 79, in execute
    return self._execute_with_wrappers(
           ~~~~~~~~~~~~~~~~~~~~~~~~~~~^
        sql, params, many=False, executor=self._execute
        ^^^^^^^^^^^^^^^^^^^^^^^^^^^^^^^^^^^^^^^^^^^^^^^
    )
    ^
  File "C:\code\iayos\apps\backend\venv\Lib\site-packages\django\db\backends\utils.py", line 92, in 
_execute_with_wrappers
    return executor(sql, params, many, context)
  File "C:\code\iayos\apps\backend\venv\Lib\site-packages\django\db\backends\utils.py", line 100, in _execute
    with self.db.wrap_database_errors:
         ^^^^^^^^^^^^^^^^^^^^^^^^^^^^
  File "C:\code\iayos\apps\backend\venv\Lib\site-packages\django\db\utils.py", line 91, in __exit__
    raise dj_exc_value.with_traceback(traceback) from exc_value
  File "C:\code\iayos\apps\backend\venv\Lib\site-packages\django\db\backends\utils.py", line 105, in _execute
    return self.cursor.execute(sql, params)
           ~~~~~~~~~~~~~~~~~~~^^^^^^^^^^^^^
django.db.utils.IntegrityError: null value in column "birthDate" of relation "accounts_profile" violates not-null 
constraint
DETAIL:  Failing row contains (38, null, Test, Worker, , null, WORKER, 38, null, null, f, null, null).


======================================================================
ERROR: test_update_worker_profile_unauthorized 
(accounts.tests.test_worker_api.WorkerAPIIntegrationTestCase.test_update_worker_profile_unauthorized)
Test updating worker profile without authentication
----------------------------------------------------------------------
Traceback (most recent call last):
  File "C:\code\iayos\apps\backend\venv\Lib\site-packages\django\db\backends\utils.py", line 105, in _execute
    return self.cursor.execute(sql, params)
           ~~~~~~~~~~~~~~~~~~~^^^^^^^^^^^^^
psycopg2.errors.NotNullViolation: null value in column "birthDate" of relation "accounts_profile" violates not-null 
constraint
DETAIL:  Failing row contains (39, null, Test, Worker, , null, WORKER, 39, null, null, f, null, null).


The above exception was the direct cause of the following exception:

Traceback (most recent call last):
  File "C:\code\iayos\apps\backend\src\accounts\tests\test_worker_api.py", line 26, in setUp
    self.worker_profile = Profile.objects.create(
                          ~~~~~~~~~~~~~~~~~~~~~~^
        accountFK=self.worker_user,
        ^^^^^^^^^^^^^^^^^^^^^^^^^^^
    ...<2 lines>...
        profileType="WORKER"
        ^^^^^^^^^^^^^^^^^^^^
    )
    ^
  File "C:\code\iayos\apps\backend\venv\Lib\site-packages\django\db\models\manager.py", line 87, in manager_method
    return getattr(self.get_queryset(), name)(*args, **kwargs)
           ~~~~~~~~~~~~~~~~~~~~~~~~~~~~~~~~~~^^^^^^^^^^^^^^^^^
  File "C:\code\iayos\apps\backend\venv\Lib\site-packages\django\db\models\query.py", line 665, in create
    obj.save(force_insert=True, using=self.db)
    ~~~~~~~~^^^^^^^^^^^^^^^^^^^^^^^^^^^^^^^^^^
  File "C:\code\iayos\apps\backend\venv\Lib\site-packages\django\db\models\base.py", line 902, in save
    self.save_base(
    ~~~~~~~~~~~~~~^
        using=using,
        ^^^^^^^^^^^^
    ...<2 lines>...
        update_fields=update_fields,
        ^^^^^^^^^^^^^^^^^^^^^^^^^^^^
    )
    ^
  File "C:\code\iayos\apps\backend\venv\Lib\site-packages\django\db\models\base.py", line 1008, in save_base
    updated = self._save_table(
        raw,
    ...<4 lines>...
        update_fields,
    )
  File "C:\code\iayos\apps\backend\venv\Lib\site-packages\django\db\models\base.py", line 1169, in _save_table
    results = self._do_insert(
        cls._base_manager, using, fields, returning_fields, raw
    )
  File "C:\code\iayos\apps\backend\venv\Lib\site-packages\django\db\models\base.py", line 1210, in _do_insert
    return manager._insert(
           ~~~~~~~~~~~~~~~^
        [self],
        ^^^^^^^
    ...<3 lines>...
        raw=raw,
        ^^^^^^^^
    )
    ^
  File "C:\code\iayos\apps\backend\venv\Lib\site-packages\django\db\models\manager.py", line 87, in manager_method
    return getattr(self.get_queryset(), name)(*args, **kwargs)
           ~~~~~~~~~~~~~~~~~~~~~~~~~~~~~~~~~~^^^^^^^^^^^^^^^^^
  File "C:\code\iayos\apps\backend\venv\Lib\site-packages\django\db\models\query.py", line 1873, in _insert
    return query.get_compiler(using=using).execute_sql(returning_fields)
           ~~~~~~~~~~~~~~~~~~~~~~~~~~~~~~~~~~~~~~~~~~~^^^^^^^^^^^^^^^^^^
  File "C:\code\iayos\apps\backend\venv\Lib\site-packages\django\db\models\sql\compiler.py", line 1882, in execute_sql
    cursor.execute(sql, params)
    ~~~~~~~~~~~~~~^^^^^^^^^^^^^
  File "C:\code\iayos\apps\backend\venv\Lib\site-packages\django\db\backends\utils.py", line 79, in execute
    return self._execute_with_wrappers(
           ~~~~~~~~~~~~~~~~~~~~~~~~~~~^
        sql, params, many=False, executor=self._execute
        ^^^^^^^^^^^^^^^^^^^^^^^^^^^^^^^^^^^^^^^^^^^^^^^
    )
    ^
  File "C:\code\iayos\apps\backend\venv\Lib\site-packages\django\db\backends\utils.py", line 92, in 
_execute_with_wrappers
    return executor(sql, params, many, context)
  File "C:\code\iayos\apps\backend\venv\Lib\site-packages\django\db\backends\utils.py", line 100, in _execute
    with self.db.wrap_database_errors:
         ^^^^^^^^^^^^^^^^^^^^^^^^^^^^
  File "C:\code\iayos\apps\backend\venv\Lib\site-packages\django\db\utils.py", line 91, in __exit__
    raise dj_exc_value.with_traceback(traceback) from exc_value
  File "C:\code\iayos\apps\backend\venv\Lib\site-packages\django\db\backends\utils.py", line 105, in _execute
    return self.cursor.execute(sql, params)
           ~~~~~~~~~~~~~~~~~~~^^^^^^^^^^^^^
django.db.utils.IntegrityError: null value in column "birthDate" of relation "accounts_profile" violates not-null 
constraint
DETAIL:  Failing row contains (39, null, Test, Worker, , null, WORKER, 39, null, null, f, null, null).


======================================================================
ERROR: test_update_worker_profile_wrong_profile_type 
(accounts.tests.test_worker_api.WorkerAPIIntegrationTestCase.test_update_worker_profile_wrong_profile_type)
Test that CLIENT profile type cannot update worker profile
----------------------------------------------------------------------
Traceback (most recent call last):
  File "C:\code\iayos\apps\backend\venv\Lib\site-packages\django\db\backends\utils.py", line 105, in _execute
    return self.cursor.execute(sql, params)
           ~~~~~~~~~~~~~~~~~~~^^^^^^^^^^^^^
psycopg2.errors.NotNullViolation: null value in column "birthDate" of relation "accounts_profile" violates not-null 
constraint
DETAIL:  Failing row contains (40, null, Test, Worker, , null, WORKER, 40, null, null, f, null, null).


The above exception was the direct cause of the following exception:

Traceback (most recent call last):
  File "C:\code\iayos\apps\backend\src\accounts\tests\test_worker_api.py", line 26, in setUp
    self.worker_profile = Profile.objects.create(
                          ~~~~~~~~~~~~~~~~~~~~~~^
        accountFK=self.worker_user,
        ^^^^^^^^^^^^^^^^^^^^^^^^^^^
    ...<2 lines>...
        profileType="WORKER"
        ^^^^^^^^^^^^^^^^^^^^
    )
    ^
  File "C:\code\iayos\apps\backend\venv\Lib\site-packages\django\db\models\manager.py", line 87, in manager_method
    return getattr(self.get_queryset(), name)(*args, **kwargs)
           ~~~~~~~~~~~~~~~~~~~~~~~~~~~~~~~~~~^^^^^^^^^^^^^^^^^
  File "C:\code\iayos\apps\backend\venv\Lib\site-packages\django\db\models\query.py", line 665, in create
    obj.save(force_insert=True, using=self.db)
    ~~~~~~~~^^^^^^^^^^^^^^^^^^^^^^^^^^^^^^^^^^
  File "C:\code\iayos\apps\backend\venv\Lib\site-packages\django\db\models\base.py", line 902, in save
    self.save_base(
    ~~~~~~~~~~~~~~^
        using=using,
        ^^^^^^^^^^^^
    ...<2 lines>...
        update_fields=update_fields,
        ^^^^^^^^^^^^^^^^^^^^^^^^^^^^
    )
    ^
  File "C:\code\iayos\apps\backend\venv\Lib\site-packages\django\db\models\base.py", line 1008, in save_base
    updated = self._save_table(
        raw,
    ...<4 lines>...
        update_fields,
    )
  File "C:\code\iayos\apps\backend\venv\Lib\site-packages\django\db\models\base.py", line 1169, in _save_table
    results = self._do_insert(
        cls._base_manager, using, fields, returning_fields, raw
    )
  File "C:\code\iayos\apps\backend\venv\Lib\site-packages\django\db\models\base.py", line 1210, in _do_insert
    return manager._insert(
           ~~~~~~~~~~~~~~~^
        [self],
        ^^^^^^^
    ...<3 lines>...
        raw=raw,
        ^^^^^^^^
    )
    ^
  File "C:\code\iayos\apps\backend\venv\Lib\site-packages\django\db\models\manager.py", line 87, in manager_method
    return getattr(self.get_queryset(), name)(*args, **kwargs)
           ~~~~~~~~~~~~~~~~~~~~~~~~~~~~~~~~~~^^^^^^^^^^^^^^^^^
  File "C:\code\iayos\apps\backend\venv\Lib\site-packages\django\db\models\query.py", line 1873, in _insert
    return query.get_compiler(using=using).execute_sql(returning_fields)
           ~~~~~~~~~~~~~~~~~~~~~~~~~~~~~~~~~~~~~~~~~~~^^^^^^^^^^^^^^^^^^
  File "C:\code\iayos\apps\backend\venv\Lib\site-packages\django\db\models\sql\compiler.py", line 1882, in execute_sql
    cursor.execute(sql, params)
    ~~~~~~~~~~~~~~^^^^^^^^^^^^^
  File "C:\code\iayos\apps\backend\venv\Lib\site-packages\django\db\backends\utils.py", line 79, in execute
    return self._execute_with_wrappers(
           ~~~~~~~~~~~~~~~~~~~~~~~~~~~^
        sql, params, many=False, executor=self._execute
        ^^^^^^^^^^^^^^^^^^^^^^^^^^^^^^^^^^^^^^^^^^^^^^^
    )
    ^
  File "C:\code\iayos\apps\backend\venv\Lib\site-packages\django\db\backends\utils.py", line 92, in 
_execute_with_wrappers
    return executor(sql, params, many, context)
  File "C:\code\iayos\apps\backend\venv\Lib\site-packages\django\db\backends\utils.py", line 100, in _execute
    with self.db.wrap_database_errors:
         ^^^^^^^^^^^^^^^^^^^^^^^^^^^^
  File "C:\code\iayos\apps\backend\venv\Lib\site-packages\django\db\utils.py", line 91, in __exit__
    raise dj_exc_value.with_traceback(traceback) from exc_value
  File "C:\code\iayos\apps\backend\venv\Lib\site-packages\django\db\backends\utils.py", line 105, in _execute
    return self.cursor.execute(sql, params)
           ~~~~~~~~~~~~~~~~~~~^^^^^^^^^^^^^
django.db.utils.IntegrityError: null value in column "birthDate" of relation "accounts_profile" violates not-null 
constraint
DETAIL:  Failing row contains (40, null, Test, Worker, , null, WORKER, 40, null, null, f, null, null).


======================================================================
ERROR: test_upload_portfolio_success 
(accounts.tests.test_worker_api.WorkerAPIIntegrationTestCase.test_upload_portfolio_success)
Test uploading portfolio image
----------------------------------------------------------------------
Traceback (most recent call last):
  File "C:\code\iayos\apps\backend\venv\Lib\site-packages\django\db\backends\utils.py", line 105, in _execute
    return self.cursor.execute(sql, params)
           ~~~~~~~~~~~~~~~~~~~^^^^^^^^^^^^^
psycopg2.errors.NotNullViolation: null value in column "birthDate" of relation "accounts_profile" violates not-null 
constraint
DETAIL:  Failing row contains (41, null, Test, Worker, , null, WORKER, 41, null, null, f, null, null).


The above exception was the direct cause of the following exception:

Traceback (most recent call last):
  File "C:\code\iayos\apps\backend\src\accounts\tests\test_worker_api.py", line 26, in setUp
    self.worker_profile = Profile.objects.create(
                          ~~~~~~~~~~~~~~~~~~~~~~^
        accountFK=self.worker_user,
        ^^^^^^^^^^^^^^^^^^^^^^^^^^^
    ...<2 lines>...
        profileType="WORKER"
        ^^^^^^^^^^^^^^^^^^^^
    )
    ^
  File "C:\code\iayos\apps\backend\venv\Lib\site-packages\django\db\models\manager.py", line 87, in manager_method
    return getattr(self.get_queryset(), name)(*args, **kwargs)
           ~~~~~~~~~~~~~~~~~~~~~~~~~~~~~~~~~~^^^^^^^^^^^^^^^^^
  File "C:\code\iayos\apps\backend\venv\Lib\site-packages\django\db\models\query.py", line 665, in create
    obj.save(force_insert=True, using=self.db)
    ~~~~~~~~^^^^^^^^^^^^^^^^^^^^^^^^^^^^^^^^^^
  File "C:\code\iayos\apps\backend\venv\Lib\site-packages\django\db\models\base.py", line 902, in save
    self.save_base(
    ~~~~~~~~~~~~~~^
        using=using,
        ^^^^^^^^^^^^
    ...<2 lines>...
        update_fields=update_fields,
        ^^^^^^^^^^^^^^^^^^^^^^^^^^^^
    )
    ^
  File "C:\code\iayos\apps\backend\venv\Lib\site-packages\django\db\models\base.py", line 1008, in save_base
    updated = self._save_table(
        raw,
    ...<4 lines>...
        update_fields,
    )
  File "C:\code\iayos\apps\backend\venv\Lib\site-packages\django\db\models\base.py", line 1169, in _save_table
    results = self._do_insert(
        cls._base_manager, using, fields, returning_fields, raw
    )
  File "C:\code\iayos\apps\backend\venv\Lib\site-packages\django\db\models\base.py", line 1210, in _do_insert
    return manager._insert(
           ~~~~~~~~~~~~~~~^
        [self],
        ^^^^^^^
    ...<3 lines>...
        raw=raw,
        ^^^^^^^^
    )
    ^
  File "C:\code\iayos\apps\backend\venv\Lib\site-packages\django\db\models\manager.py", line 87, in manager_method
    return getattr(self.get_queryset(), name)(*args, **kwargs)
           ~~~~~~~~~~~~~~~~~~~~~~~~~~~~~~~~~~^^^^^^^^^^^^^^^^^
  File "C:\code\iayos\apps\backend\venv\Lib\site-packages\django\db\models\query.py", line 1873, in _insert
    return query.get_compiler(using=using).execute_sql(returning_fields)
           ~~~~~~~~~~~~~~~~~~~~~~~~~~~~~~~~~~~~~~~~~~~^^^^^^^^^^^^^^^^^^
  File "C:\code\iayos\apps\backend\venv\Lib\site-packages\django\db\models\sql\compiler.py", line 1882, in execute_sql
    cursor.execute(sql, params)
    ~~~~~~~~~~~~~~^^^^^^^^^^^^^
  File "C:\code\iayos\apps\backend\venv\Lib\site-packages\django\db\backends\utils.py", line 79, in execute
    return self._execute_with_wrappers(
           ~~~~~~~~~~~~~~~~~~~~~~~~~~~^
        sql, params, many=False, executor=self._execute
        ^^^^^^^^^^^^^^^^^^^^^^^^^^^^^^^^^^^^^^^^^^^^^^^
    )
    ^
  File "C:\code\iayos\apps\backend\venv\Lib\site-packages\django\db\backends\utils.py", line 92, in 
_execute_with_wrappers
    return executor(sql, params, many, context)
  File "C:\code\iayos\apps\backend\venv\Lib\site-packages\django\db\backends\utils.py", line 100, in _execute
    with self.db.wrap_database_errors:
         ^^^^^^^^^^^^^^^^^^^^^^^^^^^^
  File "C:\code\iayos\apps\backend\venv\Lib\site-packages\django\db\utils.py", line 91, in __exit__
    raise dj_exc_value.with_traceback(traceback) from exc_value
  File "C:\code\iayos\apps\backend\venv\Lib\site-packages\django\db\backends\utils.py", line 105, in _execute
    return self.cursor.execute(sql, params)
           ~~~~~~~~~~~~~~~~~~~^^^^^^^^^^^^^
django.db.utils.IntegrityError: null value in column "birthDate" of relation "accounts_profile" violates not-null 
constraint
DETAIL:  Failing row contains (41, null, Test, Worker, , null, WORKER, 41, null, null, f, null, null).


======================================================================
ERROR: test_get_profile_completion_new_profile 
(accounts.tests.test_worker_profile_service.WorkerProfileServiceTestCase.test_get_profile_completion_new_profile)
Test completion percentage for new profile
----------------------------------------------------------------------
Traceback (most recent call last):
  File "C:\code\iayos\apps\backend\src\accounts\tests\test_worker_profile_service.py", line 78, in 
test_get_profile_completion_new_profile
    completion = get_worker_profile_completion(self.user)
  File "C:\code\iayos\apps\backend\src\accounts\worker_profile_service.py", line 103, in get_worker_profile_completion
    if not worker_profile.bio or len(worker_profile.bio.strip()) == 0:
           ^^^^^^^^^^^^^^^^^^
AttributeError: 'Accounts' object has no attribute 'bio'

======================================================================
ERROR: test_get_profile_completion_recommendations 
(accounts.tests.test_worker_profile_service.WorkerProfileServiceTestCase.test_get_profile_completion_recommendations)
Test that recommendations are generated correctly
----------------------------------------------------------------------
Traceback (most recent call last):
  File "C:\code\iayos\apps\backend\src\accounts\tests\test_worker_profile_service.py", line 148, in 
test_get_profile_completion_recommendations
    recommendations = get_profile_completion_recommendations(self.user)
  File "C:\code\iayos\apps\backend\src\accounts\worker_profile_service.py", line 174, in 
get_profile_completion_recommendations
    for field in missing_fields:
                 ^^^^^^^^^^^^^^
TypeError: 'Accounts' object is not iterable

======================================================================
FAIL: test_validate_image_file_invalid_type 
(accounts.tests.test_portfolio_service.PortfolioServiceTestCase.test_validate_image_file_invalid_type)
Test image file type validation
----------------------------------------------------------------------
Traceback (most recent call last):
  File "C:\code\iayos\apps\backend\src\accounts\tests\test_portfolio_service.py", line 238, in 
test_validate_image_file_invalid_type
    with self.assertRaises(ValueError) as context:
         ~~~~~~~~~~~~~~~~~^^^^^^^^^^^^
AssertionError: ValueError not raised

======================================================================
FAIL: test_validate_image_file_size_exceeded 
(accounts.tests.test_portfolio_service.PortfolioServiceTestCase.test_validate_image_file_size_exceeded)
Test image file size validation
----------------------------------------------------------------------
Traceback (most recent call last):
  File "C:\code\iayos\apps\backend\src\accounts\tests\test_portfolio_service.py", line 227, in 
test_validate_image_file_size_exceeded
    with self.assertRaises(ValueError) as context:
         ~~~~~~~~~~~~~~~~~^^^^^^^^^^^^
AssertionError: ValueError not raised

======================================================================
FAIL: test_validate_profile_fields_bio_too_long 
(accounts.tests.test_worker_profile_service.WorkerProfileServiceTestCase.test_validate_profile_fields_bio_too_long)
Test validation with bio exceeding max length
----------------------------------------------------------------------
Traceback (most recent call last):
  File "C:\code\iayos\apps\backend\src\accounts\tests\test_worker_profile_service.py", line 113, in 
test_validate_profile_fields_bio_too_long
    with self.assertRaises(ValueError) as context:
         ~~~~~~~~~~~~~~~~~^^^^^^^^^^^^
AssertionError: ValueError not raised

======================================================================
FAIL: test_validate_profile_fields_description_too_long (accounts.tests.test_worker_profile_service.WorkerProfileServi
ceTestCase.test_validate_profile_fields_description_too_long)
Test validation with description exceeding max length
----------------------------------------------------------------------
Traceback (most recent call last):
  File "C:\code\iayos\apps\backend\src\accounts\tests\test_worker_profile_service.py", line 120, in 
test_validate_profile_fields_description_too_long
    with self.assertRaises(ValueError) as context:
         ~~~~~~~~~~~~~~~~~^^^^^^^^^^^^
AssertionError: ValueError not raised

======================================================================
FAIL: test_validate_profile_fields_negative_rate 
(accounts.tests.test_worker_profile_service.WorkerProfileServiceTestCase.test_validate_profile_fields_negative_rate)
Test validation with negative hourly rate
----------------------------------------------------------------------
Traceback (most recent call last):
  File "C:\code\iayos\apps\backend\src\accounts\tests\test_worker_profile_service.py", line 127, in 
test_validate_profile_fields_negative_rate
    with self.assertRaises(ValueError) as context:
         ~~~~~~~~~~~~~~~~~^^^^^^^^^^^^
AssertionError: ValueError not raised

----------------------------------------------------------------------
Ran 50 tests in 45.062s

FAILED (failures=5, errors=40)
Destroying test database for alias 'default'...

Γ£ô Supabase client initialized successfully with secret API key
Found 50 test(s).
Γ£à Populated accountType for 0 accounts
System check identified no issues (0 silenced).
Traceback (most recent call last):
  File "C:\code\iayos\apps\backend\venv\Lib\site-packages\django\db\backends\utils.py", line 103, in _execute
    return self.cursor.execute(sql)
           ~~~~~~~~~~~~~~~~~~~^^^^^
psycopg2.errors.ObjectInUse: database "test_neondb" is being accessed by other users
DETAIL:  There is 1 other session using the database.


The above exception was the direct cause of the following exception:

Traceback (most recent call last):
  File "C:\code\iayos\apps\backend\src\manage.py", line 22, in <module>
    main()
    ~~~~^^
  File "C:\code\iayos\apps\backend\src\manage.py", line 18, in main
    execute_from_command_line(sys.argv)
    ~~~~~~~~~~~~~~~~~~~~~~~~~^^^^^^^^^^
  File "C:\code\iayos\apps\backend\venv\Lib\site-packages\django\core\management\__init__.py", line 442, in 
execute_from_command_line
    utility.execute()
    ~~~~~~~~~~~~~~~^^
  File "C:\code\iayos\apps\backend\venv\Lib\site-packages\django\core\management\__init__.py", line 436, in execute
    self.fetch_command(subcommand).run_from_argv(self.argv)
    ~~~~~~~~~~~~~~~~~~~~~~~~~~~~~~~~~~~~~~~~~~~~^^^^^^^^^^^
  File "C:\code\iayos\apps\backend\venv\Lib\site-packages\django\core\management\commands\test.py", line 24, in 
run_from_argv
    super().run_from_argv(argv)
    ~~~~~~~~~~~~~~~~~~~~~^^^^^^
  File "C:\code\iayos\apps\backend\venv\Lib\site-packages\django\core\management\base.py", line 416, in run_from_argv
    self.execute(*args, **cmd_options)
    ~~~~~~~~~~~~^^^^^^^^^^^^^^^^^^^^^^
  File "C:\code\iayos\apps\backend\venv\Lib\site-packages\django\core\management\base.py", line 460, in execute
    output = self.handle(*args, **options)
  File "C:\code\iayos\apps\backend\venv\Lib\site-packages\django\core\management\commands\test.py", line 63, in handle
    failures = test_runner.run_tests(test_labels)
  File "C:\code\iayos\apps\backend\venv\Lib\site-packages\django\test\runner.py", line 1106, in run_tests
    self.teardown_databases(old_config)
    ~~~~~~~~~~~~~~~~~~~~~~~^^^^^^^^^^^^
  File "C:\code\iayos\apps\backend\venv\Lib\site-packages\django\test\runner.py", line 1034, in teardown_databases
    _teardown_databases(
    ~~~~~~~~~~~~~~~~~~~^
        old_config,
        ^^^^^^^^^^^
    ...<2 lines>...
        keepdb=self.keepdb,
        ^^^^^^^^^^^^^^^^^^^
    )
    ^
  File "C:\code\iayos\apps\backend\venv\Lib\site-packages\django\test\utils.py", line 379, in teardown_databases
    connection.creation.destroy_test_db(old_name, verbosity, keepdb)
    ~~~~~~~~~~~~~~~~~~~~~~~~~~~~~~~~~~~^^^^^^^^^^^^^^^^^^^^^^^^^^^^^
  File "C:\code\iayos\apps\backend\venv\Lib\site-packages\django\db\backends\base\creation.py", line 311, in 
destroy_test_db
    self._destroy_test_db(test_database_name, verbosity)
    ~~~~~~~~~~~~~~~~~~~~~^^^^^^^^^^^^^^^^^^^^^^^^^^^^^^^
  File "C:\code\iayos\apps\backend\venv\Lib\site-packages\django\db\backends\postgresql\creation.py", line 91, in 
_destroy_test_db
    return super()._destroy_test_db(test_database_name, verbosity)
           ~~~~~~~~~~~~~~~~~~~~~~~~^^^^^^^^^^^^^^^^^^^^^^^^^^^^^^^
  File "C:\code\iayos\apps\backend\venv\Lib\site-packages\django\db\backends\base\creation.py", line 327, in 
_destroy_test_db
    cursor.execute(
    ~~~~~~~~~~~~~~^
        "DROP DATABASE %s" % self.connection.ops.quote_name(test_database_name)
        ^^^^^^^^^^^^^^^^^^^^^^^^^^^^^^^^^^^^^^^^^^^^^^^^^^^^^^^^^^^^^^^^^^^^^^^
    )
    ^
  File "C:\code\iayos\apps\backend\venv\Lib\site-packages\django\db\backends\utils.py", line 79, in execute
    return self._execute_with_wrappers(
           ~~~~~~~~~~~~~~~~~~~~~~~~~~~^
        sql, params, many=False, executor=self._execute
        ^^^^^^^^^^^^^^^^^^^^^^^^^^^^^^^^^^^^^^^^^^^^^^^
    )
    ^
  File "C:\code\iayos\apps\backend\venv\Lib\site-packages\django\db\backends\utils.py", line 92, in 
_execute_with_wrappers
    return executor(sql, params, many, context)
  File "C:\code\iayos\apps\backend\venv\Lib\site-packages\django\db\backends\utils.py", line 100, in _execute
    with self.db.wrap_database_errors:
         ^^^^^^^^^^^^^^^^^^^^^^^^^^^^
  File "C:\code\iayos\apps\backend\venv\Lib\site-packages\django\db\utils.py", line 91, in __exit__
    raise dj_exc_value.with_traceback(traceback) from exc_value
  File "C:\code\iayos\apps\backend\venv\Lib\site-packages\django\db\backends\utils.py", line 103, in _execute
    return self.cursor.execute(sql)
           ~~~~~~~~~~~~~~~~~~~^^^^^
django.db.utils.OperationalError: database "test_neondb" is being accessed by other users
DETAIL:  There is 1 other session using the database.

